###############################################################################
#
# IAR ELF Linker V7.80.4.12462/W32 for ARM                27/Jan/2019  23:48:01
# Copyright 2007-2017 IAR Systems AB.
#
#    Output file  =  
#        C:\Users\w\Documents\CODEC2\codec2-0.5 _Ver2\Debug\Exe\codec2.out
#    Map file     =  
#        C:\Users\w\Documents\CODEC2\codec2-0.5 _Ver2\Debug\List\codec2.map
#    Command line =  
#        "C:\Users\w\Documents\CODEC2\codec2-0.5
#        _Ver2\Debug\Obj\arm_bitreversal.o"
#        "C:\Users\w\Documents\CODEC2\codec2-0.5
#        _Ver2\Debug\Obj\arm_bitreversal2.o"
#        "C:\Users\w\Documents\CODEC2\codec2-0.5
#        _Ver2\Debug\Obj\arm_cfft_f32.o"
#        "C:\Users\w\Documents\CODEC2\codec2-0.5
#        _Ver2\Debug\Obj\arm_cfft_radix2_f32.o"
#        "C:\Users\w\Documents\CODEC2\codec2-0.5
#        _Ver2\Debug\Obj\arm_cfft_radix2_init_f32.o"
#        "C:\Users\w\Documents\CODEC2\codec2-0.5
#        _Ver2\Debug\Obj\arm_cfft_radix2_init_q15.o"
#        "C:\Users\w\Documents\CODEC2\codec2-0.5
#        _Ver2\Debug\Obj\arm_cfft_radix2_init_q31.o"
#        "C:\Users\w\Documents\CODEC2\codec2-0.5
#        _Ver2\Debug\Obj\arm_cfft_radix2_q15.o"
#        "C:\Users\w\Documents\CODEC2\codec2-0.5
#        _Ver2\Debug\Obj\arm_cfft_radix2_q31.o"
#        "C:\Users\w\Documents\CODEC2\codec2-0.5
#        _Ver2\Debug\Obj\arm_cfft_radix4_f32.o"
#        "C:\Users\w\Documents\CODEC2\codec2-0.5
#        _Ver2\Debug\Obj\arm_cfft_radix4_init_f32.o"
#        "C:\Users\w\Documents\CODEC2\codec2-0.5
#        _Ver2\Debug\Obj\arm_cfft_radix4_init_q15.o"
#        "C:\Users\w\Documents\CODEC2\codec2-0.5
#        _Ver2\Debug\Obj\arm_cfft_radix4_init_q31.o"
#        "C:\Users\w\Documents\CODEC2\codec2-0.5
#        _Ver2\Debug\Obj\arm_cfft_radix4_q15.o"
#        "C:\Users\w\Documents\CODEC2\codec2-0.5
#        _Ver2\Debug\Obj\arm_cfft_radix4_q31.o"
#        "C:\Users\w\Documents\CODEC2\codec2-0.5
#        _Ver2\Debug\Obj\arm_cfft_radix8_f32.o"
#        "C:\Users\w\Documents\CODEC2\codec2-0.5
#        _Ver2\Debug\Obj\arm_common_tables.o"
#        "C:\Users\w\Documents\CODEC2\codec2-0.5
#        _Ver2\Debug\Obj\arm_dct4_f32.o"
#        "C:\Users\w\Documents\CODEC2\codec2-0.5
#        _Ver2\Debug\Obj\arm_dct4_init_f32.o"
#        "C:\Users\w\Documents\CODEC2\codec2-0.5
#        _Ver2\Debug\Obj\arm_dct4_init_q15.o"
#        "C:\Users\w\Documents\CODEC2\codec2-0.5
#        _Ver2\Debug\Obj\arm_dct4_init_q31.o"
#        "C:\Users\w\Documents\CODEC2\codec2-0.5
#        _Ver2\Debug\Obj\arm_dct4_q15.o"
#        "C:\Users\w\Documents\CODEC2\codec2-0.5
#        _Ver2\Debug\Obj\arm_dct4_q31.o"
#        "C:\Users\w\Documents\CODEC2\codec2-0.5
#        _Ver2\Debug\Obj\arm_rfft_f32.o"
#        "C:\Users\w\Documents\CODEC2\codec2-0.5
#        _Ver2\Debug\Obj\arm_rfft_fast_f32.o"
#        "C:\Users\w\Documents\CODEC2\codec2-0.5
#        _Ver2\Debug\Obj\arm_rfft_fast_init_f32.o"
#        "C:\Users\w\Documents\CODEC2\codec2-0.5
#        _Ver2\Debug\Obj\arm_rfft_init_f32.o"
#        "C:\Users\w\Documents\CODEC2\codec2-0.5
#        _Ver2\Debug\Obj\arm_rfft_init_q15.o"
#        "C:\Users\w\Documents\CODEC2\codec2-0.5
#        _Ver2\Debug\Obj\arm_rfft_init_q31.o"
#        "C:\Users\w\Documents\CODEC2\codec2-0.5
#        _Ver2\Debug\Obj\arm_rfft_q15.o"
#        "C:\Users\w\Documents\CODEC2\codec2-0.5
#        _Ver2\Debug\Obj\arm_rfft_q31.o"
#        "C:\Users\w\Documents\CODEC2\codec2-0.5
#        _Ver2\Debug\Obj\arm_scale_f32.o"
#        "C:\Users\w\Documents\CODEC2\codec2-0.5 _Ver2\Debug\Obj\codebook.o"
#        "C:\Users\w\Documents\CODEC2\codec2-0.5 _Ver2\Debug\Obj\codebookd.o"
#        "C:\Users\w\Documents\CODEC2\codec2-0.5 _Ver2\Debug\Obj\codebookge.o"
#        "C:\Users\w\Documents\CODEC2\codec2-0.5 _Ver2\Debug\Obj\codebookjvm.o"
#        "C:\Users\w\Documents\CODEC2\codec2-0.5 _Ver2\Debug\Obj\codec2.o"
#        "C:\Users\w\Documents\CODEC2\codec2-0.5
#        _Ver2\Debug\Obj\codec2_profile.o"
#        "C:\Users\w\Documents\CODEC2\codec2-0.5 _Ver2\Debug\Obj\fdmdv.o"
#        "C:\Users\w\Documents\CODEC2\codec2-0.5 _Ver2\Debug\Obj\freedv_api.o"
#        "C:\Users\w\Documents\CODEC2\codec2-0.5 _Ver2\Debug\Obj\golay23.o"
#        "C:\Users\w\Documents\CODEC2\codec2-0.5 _Ver2\Debug\Obj\interp.o"
#        "C:\Users\w\Documents\CODEC2\codec2-0.5 _Ver2\Debug\Obj\kiss_fft.o"
#        "C:\Users\w\Documents\CODEC2\codec2-0.5 _Ver2\Debug\Obj\lpc.o"
#        "C:\Users\w\Documents\CODEC2\codec2-0.5 _Ver2\Debug\Obj\lsp.o"
#        "C:\Users\w\Documents\CODEC2\codec2-0.5 _Ver2\Debug\Obj\misc.o"
#        "C:\Users\w\Documents\CODEC2\codec2-0.5 _Ver2\Debug\Obj\modem_stats.o"
#        "C:\Users\w\Documents\CODEC2\codec2-0.5 _Ver2\Debug\Obj\nlp.o"
#        "C:\Users\w\Documents\CODEC2\codec2-0.5 _Ver2\Debug\Obj\pack.o"
#        "C:\Users\w\Documents\CODEC2\codec2-0.5 _Ver2\Debug\Obj\phase.o"
#        "C:\Users\w\Documents\CODEC2\codec2-0.5 _Ver2\Debug\Obj\postfilter.o"
#        "C:\Users\w\Documents\CODEC2\codec2-0.5 _Ver2\Debug\Obj\quantise.o"
#        "C:\Users\w\Documents\CODEC2\codec2-0.5 _Ver2\Debug\Obj\sine.o"
#        "C:\Users\w\Documents\CODEC2\codec2-0.5
#        _Ver2\Debug\Obj\startup_stm32f4xx.o"
#        "C:\Users\w\Documents\CODEC2\codec2-0.5
#        _Ver2\Debug\Obj\stm32f4_machdep.o"
#        "C:\Users\w\Documents\CODEC2\codec2-0.5
#        _Ver2\Debug\Obj\stm32f4xx_adc.o"
#        "C:\Users\w\Documents\CODEC2\codec2-0.5
#        _Ver2\Debug\Obj\stm32f4xx_dac.o"
#        "C:\Users\w\Documents\CODEC2\codec2-0.5
#        _Ver2\Debug\Obj\stm32f4xx_dbgmcu.o"
#        "C:\Users\w\Documents\CODEC2\codec2-0.5
#        _Ver2\Debug\Obj\stm32f4xx_dcmi.o"
#        "C:\Users\w\Documents\CODEC2\codec2-0.5
#        _Ver2\Debug\Obj\stm32f4xx_dma.o"
#        "C:\Users\w\Documents\CODEC2\codec2-0.5
#        _Ver2\Debug\Obj\stm32f4xx_dsi.o"
#        "C:\Users\w\Documents\CODEC2\codec2-0.5
#        _Ver2\Debug\Obj\stm32f4xx_exti.o"
#        "C:\Users\w\Documents\CODEC2\codec2-0.5
#        _Ver2\Debug\Obj\stm32f4xx_gpio.o"
#        "C:\Users\w\Documents\CODEC2\codec2-0.5
#        _Ver2\Debug\Obj\stm32f4xx_i2c.o"
#        "C:\Users\w\Documents\CODEC2\codec2-0.5
#        _Ver2\Debug\Obj\stm32f4xx_it.o"
#        "C:\Users\w\Documents\CODEC2\codec2-0.5
#        _Ver2\Debug\Obj\stm32f4xx_iwdg.o"
#        "C:\Users\w\Documents\CODEC2\codec2-0.5
#        _Ver2\Debug\Obj\stm32f4xx_lptim.o"
#        "C:\Users\w\Documents\CODEC2\codec2-0.5
#        _Ver2\Debug\Obj\stm32f4xx_ltdc.o"
#        "C:\Users\w\Documents\CODEC2\codec2-0.5
#        _Ver2\Debug\Obj\stm32f4xx_pwr.o"
#        "C:\Users\w\Documents\CODEC2\codec2-0.5
#        _Ver2\Debug\Obj\stm32f4xx_qspi.o"
#        "C:\Users\w\Documents\CODEC2\codec2-0.5
#        _Ver2\Debug\Obj\stm32f4xx_rcc.o"
#        "C:\Users\w\Documents\CODEC2\codec2-0.5
#        _Ver2\Debug\Obj\stm32f4xx_rng.o"
#        "C:\Users\w\Documents\CODEC2\codec2-0.5
#        _Ver2\Debug\Obj\stm32f4xx_rtc.o"
#        "C:\Users\w\Documents\CODEC2\codec2-0.5
#        _Ver2\Debug\Obj\stm32f4xx_sai.o"
#        "C:\Users\w\Documents\CODEC2\codec2-0.5
#        _Ver2\Debug\Obj\stm32f4xx_sdio.o"
#        "C:\Users\w\Documents\CODEC2\codec2-0.5
#        _Ver2\Debug\Obj\stm32f4xx_spi.o"
#        "C:\Users\w\Documents\CODEC2\codec2-0.5
#        _Ver2\Debug\Obj\stm32f4xx_syscfg.o"
#        "C:\Users\w\Documents\CODEC2\codec2-0.5
#        _Ver2\Debug\Obj\stm32f4xx_tim.o"
#        "C:\Users\w\Documents\CODEC2\codec2-0.5
#        _Ver2\Debug\Obj\stm32f4xx_usart.o"
#        "C:\Users\w\Documents\CODEC2\codec2-0.5
#        _Ver2\Debug\Obj\system_stm32f4xx.o" -o
#        "C:\Users\w\Documents\CODEC2\codec2-0.5 _Ver2\Debug\Exe\codec2.out"
#        --map "C:\Users\w\Documents\CODEC2\codec2-0.5
#        _Ver2\Debug\List\codec2.map" --config
#        "C:\Users\w\Documents\CODEC2\codec2-0.5 _Ver2\codec2.icf"
#        --semihosting --entry __iar_program_start --redirect
#        __iar_sh_stdout=__iar_sh_stdout_swo --inline
#        --merge_duplicate_sections --vfe
#
###############################################################################

*******************************************************************************
*** RUNTIME MODEL ATTRIBUTES
***

CppFlavor       = *
__Heap_Handler  = DLMalloc
__SystemLibrary = DLib


*******************************************************************************
*** PLACEMENT SUMMARY
***

"A0":  place at 0x08000000 { ro section .intvec };
"P1":  place in [from 0x08000000 to 0x080fffff] { ro };
"P3":  place in [from 0x10000000 to 0x1000ffff] { block CSTACK, section .ccram };
"P4":  place in [from 0x20000000 to 0x2001bfff] |
                [from 0x2001c000 to 0x2001ffff] { rw, block HEAP };
initialize by copy { rw };

  Section             Kind        Address     Size  Object
  -------             ----        -------     ----  ------
"A0":                                        0x188
  .intvec             ro code  0x08000000    0x188  startup_stm32f4xx.o [1]
                             - 0x08000188    0x188

"P1":                                      0x18301
  .rodata             const    0x08000188   0xa040  codebookjvm.o [1]
  .text               ro code  0x0800a1c8   0x2714  codec2.o [1]
  .text               ro code  0x0800c8dc   0x14f4  dlmalloc.o [3]
  .text               ro code  0x0800ddd0     0x24  ABIassert.o [6]
  .text               ro code  0x0800ddf4    0xfce  kiss_fft.o [1]
  .text               ro code  0x0800edc4    0xfd4  sine.o [1]
  .text               ro code  0x0800fd98     0x2c  I32ToDbl.o [4]
  .text               ro code  0x0800fdc4    0x1a2  DblMul.o [4]
  .text               ro code  0x0800ff68    0x256  DblDiv.o [4]
  .text               ro code  0x080101c0     0x90  DblToFlt.o [4]
  .text               ro code  0x08010250    0x810  nlp.o [1]
  .text               ro code  0x08010a60      0x6  ABImemclr.o [5]
  .text               ro code  0x08010a66    0x138  pack.o [1]
  .text               ro code  0x08010ba0   0x21a8  quantise.o [1]
  .text               ro code  0x08012d48     0x4e  FltToDbl.o [4]
  .text               ro code  0x08012d98     0x4c  DblToI32.o [4]
  .text               ro code  0x08012de4    0x1e8  interp.o [1]
  .text               ro code  0x08012fcc    0x4b8  lsp.o [1]
  .text               ro code  0x08013484     0x76  ABImemcpy_unaligned.o [5]
  .text               ro code  0x080134fc    0x21c  phase.o [1]
  .text               ro code  0x08013718    0x1cc  postfilter.o [1]
  .text               ro code  0x080138e4      0x6  abort.o [3]
  .text               ro code  0x080138ec     0x2c  xgetmemchunk.o [3]
  .text               ro code  0x08013918    0x18c  xfsin.o [4]
  .text               ro code  0x08013aa4     0x1c  sqrtf.o [4]
  .text               ro code  0x08013ac0     0x38  floorf.o [4]
  .text               ro code  0x08013af8     0x2e  DblCmpLe.o [4]
  .text               ro code  0x08013b28     0xe8  DblAdd.o [4]
  .text               ro code  0x08013c10     0x6a  atan2f.o [4]
  .text               ro code  0x08013c7c     0x3e  ceilf.o [4]
  .text               ro code  0x08013cbc    0x180  DblSub.o [4]
  .text               ro code  0x08013e3c    0x180  xflog.o [4]
  .text               ro code  0x08013fbc     0x5e  ABImemset.o [5]
  .text               ro code  0x0801401a     0x16  vla_alloc.o [3]
  .text               ro code  0x08014030    0x306  powf.o [4]
  .text               ro code  0x08014338    0x1bc  lpc.o [1]
  .text               ro code  0x080144f4     0x64  acosf.o [4]
  .text               ro code  0x08014558     0x14  exit.o [6]
  .text               ro code  0x0801456c      0xc  errno.o [3]
  .text               ro code  0x08014578     0xec  xfquad.o [4]
  .text               ro code  0x08014664      0xc  iarEdom.o [5]
  .text               ro code  0x08014670     0xa4  xatanf.o [4]
  .text               ro code  0x08014714     0x28  xfdnorm.o [4]
  .text               ro code  0x0801473c     0x50  xfdint.o [4]
  .text               ro code  0x0801478c    0x230  xfexp.o [4]
  .text               ro code  0x080149bc      0x2  xtls.o [3]
  .text               ro code  0x080149c0     0xe6  fmodf.o [4]
  .text               ro code  0x08014aa8     0xc4  xfdscale.o [4]
  .text               ro code  0x08014b6c   0x1a1c  codec2_profile.o [1]
  .text               ro code  0x08016588    0x162  stm32f4xx_i2c.o [1]
  .text               ro code  0x080166ec    0x13c  stm32f4xx_rcc.o [1]
  .text               ro code  0x08016828     0xac  stm32f4xx_gpio.o [1]
  .text               ro code  0x080168d4    0x246  stm32f4xx_spi.o [1]
  .text               ro code  0x08016b1c     0x88  stm32f4xx_exti.o [1]
  .text               ro code  0x08016ba4     0x6c  misc.o [1]
  .text               ro code  0x08016c10     0x28  stm32f4xx_syscfg.o [1]
  .text               ro code  0x08016c38     0x2e  stm32f4xx_tim.o [1]
  .text               ro code  0x08016c68    0x264  stm32f4xx_dma.o [1]
  .text               ro code  0x08016ecc     0x34  stm32f4_machdep.o [1]
  .rodata             const    0x08016f00    0x820  codebookge.o [1]
  .rodata             const    0x08017720    0x5b0  codebookd.o [1]
  .rodata             const    0x08017cd0    0x2c0  codebook.o [1]
  .text               ro code  0x08017f90     0xe8  system_stm32f4xx.o [1]
  .text               ro code  0x08018078     0xce  packbits_init.o [5]
  .text               ro code  0x08018148     0xc0  arm_bitreversal2.o [1]
  .text               ro code  0x08018208     0x6a  stm32f4xx_it.o [1]
  .text               ro code  0x08018274     0x5e  stm32f4xx_usart.o [1]
  .text               ro code  0x080182d2     0x40  zero_init3.o [5]
  .text               ro code  0x08018314     0x28  data_init.o [5]
  .text               ro code  0x0801833c     0x22  fpinit_M.o [4]
  .iar.init_table     const    0x08018360     0x2c  - Linker created -
  .text               ro code  0x0801838c     0x1a  cmain.o [5]
  .text               ro code  0x080183a6      0x4  exit.o [3]
  .text               ro code  0x080183ac      0xa  cexit.o [5]
  .text               ro code  0x080183b8     0x10  startup_stm32f4xx.o [1]
  .text               ro code  0x080183c8      0xc  cstartup_M.o [5]
  .text               ro code  0x080183d4      0x4  startup_stm32f4xx.o [1]
  .text               ro code  0x080183d8      0x4  startup_stm32f4xx.o [1]
  .text               ro code  0x080183dc      0x4  startup_stm32f4xx.o [1]
  .text               ro code  0x080183e0      0x4  startup_stm32f4xx.o [1]
  .text               ro code  0x080183e4      0x4  startup_stm32f4xx.o [1]
  .text               ro code  0x080183e8      0x4  startup_stm32f4xx.o [1]
  .text               ro code  0x080183ec      0x4  startup_stm32f4xx.o [1]
  .text               ro code  0x080183f0      0x4  startup_stm32f4xx.o [1]
  .text               ro code  0x080183f4      0x4  startup_stm32f4xx.o [1]
  .text               ro code  0x080183f8      0x4  startup_stm32f4xx.o [1]
  .text               ro code  0x080183fc      0x4  startup_stm32f4xx.o [1]
  .text               ro code  0x08018400      0x4  startup_stm32f4xx.o [1]
  .text               ro code  0x08018404      0x4  startup_stm32f4xx.o [1]
  .text               ro code  0x08018408      0x4  startup_stm32f4xx.o [1]
  .text               ro code  0x0801840c      0x4  startup_stm32f4xx.o [1]
  .text               ro code  0x08018410      0x4  startup_stm32f4xx.o [1]
  .text               ro code  0x08018414      0x4  startup_stm32f4xx.o [1]
  .text               ro code  0x08018418      0x4  startup_stm32f4xx.o [1]
  .rodata             const    0x0801841c      0x0  zero_init3.o [5]
  .rodata             const    0x0801841c      0x0  packbits_init.o [5]
  Initializer bytes   const    0x0801841c     0x6d  <for P4 s0>
                             - 0x08018489  0x18301

"P3":                                       0x8000
  CSTACK                       0x10000000   0x8000  <Block>
    CSTACK            uninit   0x10000000   0x8000  <Block tail>
                             - 0x10008000   0x8000

"P4", part 1 of 3:                           0xe68
  P4 s0                        0x20000000    0xe68  <Init block>
    .data             inited   0x20000000    0xe30  codec2_profile.o [1]
    .data             inited   0x20000e30     0x10  stm32f4_machdep.o [1]
    .data             inited   0x20000e40     0x10  stm32f4xx_rcc.o [1]
    .data             inited   0x20000e50      0x8  codec2_profile.o [1]
    .data             inited   0x20000e58      0x8  quantise.o [1]
    .data             inited   0x20000e60      0x4  sine.o [1]
    __DLIB_PERTHREAD  inited   0x20000e64      0x4  errno.o [3]
                             - 0x20000e68    0xe68

"P4", part 2 of 3:                          0x886c
  .bss                zero     0x20000e68   0x1428  codec2_profile.o [1]
  .bss                zero     0x20002290   0x1428  codec2_profile.o [1]
  .bss                zero     0x200036b8   0x1428  codec2_profile.o [1]
  .bss                zero     0x20004ae0   0x1428  codec2_profile.o [1]
  .bss                zero     0x20005f08   0x1000  stm32f4_machdep.o [1]
  .bss                zero     0x20006f08    0xa00  codec2_profile.o [1]
  .bss                zero     0x20007908    0xa00  codec2_profile.o [1]
  .bss                zero     0x20008308    0xa00  codec2_profile.o [1]
  .bss                zero     0x20008d08    0x7d4  stm32f4xx_it.o [1]
  .bss                zero     0x200094dc    0x1d8  dlmalloc.o [3]
  .bss                zero     0x200096b4     0x18  dlmalloc.o [3]
  .bss                zero     0x200096cc      0x4  codec2.o [1]
  .bss                zero     0x200096d0      0x4  xgetmemchunk.o [3]
                             - 0x200096d4   0x886c

"P4", part 3 of 3:                          0x8000
  HEAP                         0x200096d8   0x8000  <Block>
    HEAP              uninit   0x200096d8   0x8000  <Block tail>
                             - 0x200116d8   0x8000


*******************************************************************************
*** INIT TABLE
***

          Address     Size
          -------     ----
Zero (__iar_zero_init3)
    1 destination range, total size 0x886c:
          0x20000e68  0x886c

Copy/packbits (__iar_packbits_init3)
    1 source range, total size 0x6d (2% of destination):
          0x0801841c    0x6d
    1 destination range, total size 0xe68:
          0x20000000   0xe68



*******************************************************************************
*** MODULE SUMMARY
***

    Module                 ro code  ro data  rw data
    ------                 -------  -------  -------
C:\Users\w\Documents\CODEC2\codec2-0.5 _Ver2\Debug\Obj: [1]
    arm_bitreversal2.o         192
    codebook.o                          704
    codebookd.o                       1 456
    codebookge.o                      2 080
    codebookjvm.o                    41 024
    codec2.o                10 004                 4
    codec2_profile.o         6 684      107   31 960
    interp.o                   488
    kiss_fft.o               4 046
    lpc.o                      444
    lsp.o                    1 208
    misc.o                     108
    nlp.o                    2 064
    pack.o                     312
    phase.o                    540
    postfilter.o               460
    quantise.o               8 616                 8
    sine.o                   4 052                 4
    startup_stm32f4xx.o        480
    stm32f4_machdep.o           52             4 112
    stm32f4xx_dma.o            612
    stm32f4xx_exti.o           136
    stm32f4xx_gpio.o           172
    stm32f4xx_i2c.o            354
    stm32f4xx_it.o             106             2 004
    stm32f4xx_rcc.o            316        1       16
    stm32f4xx_spi.o            582
    stm32f4xx_syscfg.o          40
    stm32f4xx_tim.o             46
    stm32f4xx_usart.o           94
    system_stm32f4xx.o         232
    ------------------------------------------------
    Total:                  42 440   45 372   38 108

command line: [2]
    ------------------------------------------------
    Total:

dl7M_tln.a: [3]
    abort.o                      6
    dlmalloc.o               5 364               496
    errno.o                     12        1        4
    exit.o                       4
    vla_alloc.o                 22
    xgetmemchunk.o              44                 4
    xtls.o                       2
    ------------------------------------------------
    Total:                   5 454        1      504

m7M_tls.a: [4]
    DblAdd.o                   232
    DblCmpLe.o                  46
    DblDiv.o                   598
    DblMul.o                   418
    DblSub.o                   384
    DblToFlt.o                 144
    DblToI32.o                  76
    FltToDbl.o                  78
    I32ToDbl.o                  44
    acosf.o                    100
    atan2f.o                   106
    ceilf.o                     62
    floorf.o                    56
    fmodf.o                    230
    fpinit_M.o                  34
    powf.o                     774
    sqrtf.o                     28
    xatanf.o                   164
    xfdint.o                    80
    xfdnorm.o                   40
    xfdscale.o                 196
    xfexp.o                    560
    xflog.o                    384
    xfquad.o                   236
    xfsin.o                    396
    ------------------------------------------------
    Total:                   5 466

rt7M_tl.a: [5]
    ABImemclr.o                  6
    ABImemcpy_unaligned.o      118
    ABImemset.o                 94
    cexit.o                     10
    cmain.o                     26
    cstartup_M.o                12
    data_init.o                 40
    iarEdom.o                   12
    packbits_init.o            206
    zero_init3.o                64
    ------------------------------------------------
    Total:                     588

shb_l.a: [6]
    ABIassert.o                 36
    exit.o                      20
    ------------------------------------------------
    Total:                      56

    Gaps                        42        2
    Linker created                       44   65 536
----------------------------------------------------
    Grand Total:            54 046   45 419  104 148


*******************************************************************************
*** ENTRY LIST
***

Entry                      Address    Size  Type      Object
-----                      -------    ----  ----      ------
.iar.init_table$$Base   0x08018360           --   Gb  - Linker created -
.iar.init_table$$Limit  0x0801838c           --   Gb  - Linker created -
?main                   0x0801838d          Code  Gb  cmain.o [5]
APBAHBPrescTable        0x20000e40    0x10  Data  Lc  stm32f4xx_rcc.o [1]
BandWide_Sel            0x20000e53     0x1  Data  Gb  codec2_profile.o [1]
BusFault_Handler        0x0801820f     0x2  Code  Gb  stm32f4xx_it.o [1]
CSTACK$$Base            0x10000000           --   Gb  - Linker created -
CSTACK$$Limit           0x10008000           --   Gb  - Linker created -
DMA1_Stream5_IRQHandler
                        0x0801600d    0xec  Code  Gb  codec2_profile.o [1]
DMA2_Stream2_IRQHandler
                        0x0801826d     0x2  Code  Gb  stm32f4xx_it.o [1]
DMA2_Stream6_IRQHandler
                        0x0801826f     0x2  Code  Gb  stm32f4xx_it.o [1]
DMA_ClearITPendingBit   0x08016e4b    0x1e  Code  Gb  stm32f4xx_dma.o [1]
DMA_Cmd                 0x08016d97    0x12  Code  Gb  stm32f4xx_dma.o [1]
DMA_DeInit              0x08016c69    0xdc  Code  Gb  stm32f4xx_dma.o [1]
DMA_DoubleBufferModeCmd
                        0x08016dbd    0x12  Code  Gb  stm32f4xx_dma.o [1]
DMA_DoubleBufferModeConfig
                        0x08016da9    0x14  Code  Gb  stm32f4xx_dma.o [1]
DMA_GetCmdStatus        0x08016dcf     0x8  Code  Gb  stm32f4xx_dma.o [1]
DMA_GetITStatus         0x08016e03    0x48  Code  Gb  stm32f4xx_dma.o [1]
DMA_ITConfig            0x08016dd7    0x2c  Code  Gb  stm32f4xx_dma.o [1]
DMA_Init                0x08016d45    0x52  Code  Gb  stm32f4xx_dma.o [1]
DWT_CONTROL             0x20000e34     0x4  Data  Gb  stm32f4_machdep.o [1]
DWT_CYCCNT              0x20000e30     0x4  Data  Gb  stm32f4_machdep.o [1]
DebugMon_Handler        0x08018215     0x2  Code  Gb  stm32f4xx_it.o [1]
EXTI15_10_IRQHandler    0x08015bbd   0x11a  Code  Gb  codec2_profile.o [1]
EXTIX_Init              0x08015e8d    0x7c  Code  Gb  codec2_profile.o [1]
EXTI_ClearITPendingBit  0x08016b95     0x6  Code  Gb  stm32f4xx_exti.o [1]
EXTI_GetITStatus        0x08016b85    0x10  Code  Gb  stm32f4xx_exti.o [1]
EXTI_Init               0x08016b1d    0x68  Code  Gb  stm32f4xx_exti.o [1]
Freq_Sel                0x20000e50     0x1  Data  Gb  codec2_profile.o [1]
GPIO_Init               0x08016829    0x72  Code  Gb  stm32f4xx_gpio.o [1]
GPIO_PinAFConfig        0x080168ad    0x28  Code  Gb  stm32f4xx_gpio.o [1]
GPIO_ResetBits          0x0801689f     0x4  Code  Gb  stm32f4xx_gpio.o [1]
GPIO_SetBits            0x0801689b     0x4  Code  Gb  stm32f4xx_gpio.o [1]
GPIO_WriteBit           0x080168a3     0xa  Code  Gb  stm32f4xx_gpio.o [1]
HEAP$$Base              0x200096d8           --   Gb  - Linker created -
HEAP$$Limit             0x200116d8           --   Gb  - Linker created -
HardFault_Handler       0x0801820b     0x2  Code  Gb  stm32f4xx_it.o [1]
I2C3_Congiguration      0x08014cb5    0xc0  Code  Gb  codec2_profile.o [1]
I2C_CheckEvent          0x0801669d    0x1a  Code  Gb  stm32f4xx_i2c.o [1]
I2C_Cmd                 0x08016651    0x14  Code  Gb  stm32f4xx_i2c.o [1]
I2C_GenerateSTART       0x08016665    0x14  Code  Gb  stm32f4xx_i2c.o [1]
I2C_GenerateSTOP        0x08016679    0x14  Code  Gb  stm32f4xx_i2c.o [1]
I2C_GetFlagStatus       0x080166b7    0x34  Code  Gb  stm32f4xx_i2c.o [1]
I2C_Init                0x08016589    0xba  Code  Gb  stm32f4xx_i2c.o [1]
I2C_Send7bitAddress     0x0801668d    0x10  Code  Gb  stm32f4xx_i2c.o [1]
I2S_Cmd                 0x08016aad    0x14  Code  Gb  stm32f4xx_spi.o [1]
I2S_FullDuplexConfig    0x08016ac1    0x3c  Code  Gb  stm32f4xx_spi.o [1]
I2S_GPIO_Config         0x08014d75    0xa8  Code  Gb  codec2_profile.o [1]
I2S_Init                0x080169b5    0xc0  Code  Gb  stm32f4xx_spi.o [1]
InStream_StepRegion     0x08018079    0x14  Code  Lc  packbits_init.o [5]
Lora_Rate_Sel           0x20000e52     0x1  Data  Gb  codec2_profile.o [1]
MemManage_Handler       0x0801820d     0x2  Code  Gb  stm32f4xx_it.o [1]
NMI_Handler             0x08018209     0x2  Code  Gb  stm32f4xx_it.o [1]
NVIC_Init               0x08016ba5    0x5c  Code  Gb  misc.o [1]
PA_En                   0x08015b81    0x1e  Code  Gb  codec2_profile.o [1]
PA_LNA_configure        0x08015f09    0x8c  Code  Gb  codec2_profile.o [1]
PA_Trans_En             0x08015b9f    0x1e  Code  Gb  codec2_profile.o [1]
PendSV_Handler          0x08018217     0x2  Code  Gb  stm32f4xx_it.o [1]
Power_Sel               0x20000e51     0x1  Data  Gb  codec2_profile.o [1]
RCC_AHB1PeriphClockCmd  0x0801677d    0x12  Code  Gb  stm32f4xx_rcc.o [1]
RCC_APB1PeriphClockCmd  0x0801678f    0x12  Code  Gb  stm32f4xx_rcc.o [1]
RCC_APB1PeriphResetCmd  0x080167b3    0x12  Code  Gb  stm32f4xx_rcc.o [1]
RCC_APB2PeriphClockCmd  0x080167a1    0x12  Code  Gb  stm32f4xx_rcc.o [1]
RCC_APB2PeriphResetCmd  0x080167c5    0x12  Code  Gb  stm32f4xx_rcc.o [1]
RCC_GetClocksFreq       0x080166f3    0x84  Code  Gb  stm32f4xx_rcc.o [1]
RCC_GetFlagStatus       0x080167d7    0x20  Code  Gb  stm32f4xx_rcc.o [1]
RCC_I2SCLKConfig        0x08016777     0x6  Code  Gb  stm32f4xx_rcc.o [1]
RCC_PLLI2SCmd           0x080166ed     0x6  Code  Gb  stm32f4xx_rcc.o [1]
Region$$Table$$Base     0x08018360           --   Gb  - Linker created -
Region$$Table$$Limit    0x0801838c           --   Gb  - Linker created -
SCB_DEMCR               0x20000e38     0x4  Data  Gb  stm32f4_machdep.o [1]
SPI1_GPIO_Init          0x08014e25   0x100  Code  Gb  codec2_profile.o [1]
SPI2_IRQHandler         0x08018271     0x2  Code  Gb  stm32f4xx_it.o [1]
SPI_Cmd                 0x08016a99    0x14  Code  Gb  stm32f4xx_spi.o [1]
SPI_I2S_DMACmd          0x08016afd    0x10  Code  Gb  stm32f4xx_spi.o [1]
SPI_I2S_DeInit          0x080168d5    0xa8  Code  Gb  stm32f4xx_spi.o [1]
SPI_I2S_GetFlagStatus   0x08016b0d     0xe  Code  Gb  stm32f4xx_spi.o [1]
SPI_Init                0x0801697d    0x38  Code  Gb  stm32f4xx_spi.o [1]
SVC_Handler             0x08018213     0x2  Code  Gb  stm32f4xx_it.o [1]
SX1276WriteBuffer       0x08014f25    0x6a  Code  Gb  codec2_profile.o [1]
SYSCFG_EXTILineConfig   0x08016c11    0x24  Code  Gb  stm32f4xx_syscfg.o [1]
SysTick_Handler         0x08018219     0x2  Code  Gb  stm32f4xx_it.o [1]
SystemInit              0x08017f91    0xd0  Code  Gb  system_stm32f4xx.o [1]
TIM3_IRQHandler         0x08015f95    0x6c  Code  Gb  codec2_profile.o [1]
TIM_ClearITPendingBit   0x08016c61     0x6  Code  Gb  stm32f4xx_tim.o [1]
TIM_Cmd                 0x08016c39    0x14  Code  Gb  stm32f4xx_tim.o [1]
TIM_GetITStatus         0x08016c4d    0x14  Code  Gb  stm32f4xx_tim.o [1]
USART2_IRQHandler       0x080160fd     0x2  Code  Gb  codec2_profile.o [1]
USART6_IRQHandler       0x0801821b    0x4a  Code  Gb  stm32f4xx_it.o [1]
USART6_Rx_Buffer        0x20008d0c   0x3e8  Data  Gb  stm32f4xx_it.o [1]
USART6_Rx_ptr_in        0x20008d08     0x2  Data  Gb  stm32f4xx_it.o [1]
USART6_TxCount          0x20008d0a     0x2  Data  Gb  stm32f4xx_it.o [1]
USART6_Tx_Buffer        0x200090f4   0x3e8  Data  Gb  stm32f4xx_it.o [1]
USART_ClearITPendingBit
                        0x080182c3    0x10  Code  Gb  stm32f4xx_usart.o [1]
USART_GetITStatus       0x08018285    0x3e  Code  Gb  stm32f4xx_usart.o [1]
USART_ReceiveData       0x0801827d     0x8  Code  Gb  stm32f4xx_usart.o [1]
USART_SendData          0x08018275     0x8  Code  Gb  stm32f4xx_usart.o [1]
UsageFault_Handler      0x08018211     0x2  Code  Gb  stm32f4xx_it.o [1]
Voice_Realtime_Transfer
                        0x08015d01   0x188  Code  Gb  codec2_profile.o [1]
WM8974                  0x08014bdd    0xd8  Code  Gb  codec2_profile.o [1]
WM8974_I2C_write        0x08014b6d    0x6e  Code  Gb  codec2_profile.o [1]
__aeabi_assert          0x0800ddd1    0x24  Code  Gb  ABIassert.o [6]
__aeabi_cdcmple         0x08013af9          Code  Gb  DblCmpLe.o [4]
__aeabi_d2f             0x080101c1          Code  Gb  DblToFlt.o [4]
__aeabi_d2iz            0x08012d99          Code  Gb  DblToI32.o [4]
__aeabi_dadd            0x08013b29          Code  Gb  DblAdd.o [4]
__aeabi_ddiv            0x0800ff69          Code  Gb  DblDiv.o [4]
__aeabi_dmul            0x0800fdc5          Code  Gb  DblMul.o [4]
__aeabi_dsub            0x08013cbd          Code  Gb  DblSub.o [4]
__aeabi_errno_addr      0x0801456d     0x6  Code  Gb  errno.o [3]
__aeabi_f2d             0x08012d49          Code  Gb  FltToDbl.o [4]
__aeabi_i2d             0x0800fd99          Code  Gb  I32ToDbl.o [4]
__aeabi_memclr          0x08010a61          Code  Gb  ABImemclr.o [5]
__cmain                 0x0801838d          Code  Gb  cmain.o [5]
__data_GetMemChunk      0x080138ed    0x2c  Code  Gb  xgetmemchunk.o [3]
__data_GetMemChunk::start
                        0x200096d0     0x4  Data  Lc  xgetmemchunk.o [3]
__exit                  0x08014559    0x14  Code  Gb  exit.o [6]
__iar_Errno             0x20000e64     0x4  Data  Gb  errno.o [3]
__iar_FDint             0x0801473d    0x50  Code  Gb  xfdint.o [4]
__iar_FDnorm            0x08014715    0x28  Code  Gb  xfdnorm.o [4]
__iar_FDscale           0x08014aa9    0xc4  Code  Gb  xfdscale.o [4]
__iar_FExp              0x0801478d   0x200  Code  Gb  xfexp.o [4]
__iar_FLog              0x08013e3d   0x128  Code  Gb  xflog.o [4]
__iar_FLogpoly          0x08013f65    0x1a  Code  Gb  xflog.o [4]
__iar_FQuad             0x08014579    0xc2  Code  Gb  xfquad.o [4]
__iar_FSin              0x08013919   0x14c  Code  Gb  xfsin.o [4]
__iar_Memset_word       0x08013fbd          Code  Gb  ABImemset.o [5]
__iar_d2uiz             0x08012dc5          Code  Gb  DblToI32.o [4]
__iar_dadd              0x08013b3d          Code  Gb  DblAdd.o [4]
__iar_data_init3        0x08018315    0x28  Code  Gb  data_init.o [5]
__iar_dlfree            0x0800d8af   0x51a  Code  Gb  dlmalloc.o [3]
__iar_dlib_perthread_access
                        0x080149bd     0x2  Code  Gb  xtls.o [3]
__iar_dlmalloc          0x0800d5f9   0x2aa  Code  Gb  dlmalloc.o [3]
__iar_dsub              0x08013cd1          Code  Gb  DblSub.o [4]
__iar_dsubStart         0x08013ce3          Code  Gb  DblSub.o [4]
__iar_edom              0x08014665          Code  Gb  iarEdom.o [5]
__iar_init_vfp          0x0801833d          Code  Gb  fpinit_M.o [4]
__iar_packbits_init3    0x0801808d    0xba  Code  Gb  packbits_init.o [5]
__iar_program_start     0x080183c9          Code  Gb  cstartup_M.o [5]
__iar_ui2d              0x0800fdad          Code  Gb  I32ToDbl.o [4]
__iar_unaligned___aeabi_memcpy
                        0x08013485          Code  Gb  ABImemcpy_unaligned.o [5]
__iar_unaligned___aeabi_memcpy4
                        0x080134a5          Code  Gb  ABImemcpy_unaligned.o [5]
__iar_unaligned___aeabi_memcpy8
                        0x080134a5          Code  Gb  ABImemcpy_unaligned.o [5]
__iar_vfp_ceilf         0x08013c7d          Code  Gb  ceilf.o [4]
__iar_vfp_floorf        0x08013ac1          Code  Gb  floorf.o [4]
__iar_vfp_fmodf         0x080149c1          Code  Gb  fmodf.o [4]
__iar_vla_alloc2        0x0801401b    0x12  Code  Gb  vla_alloc.o [3]
__iar_vla_dealloc2      0x0801402d     0x4  Code  Gb  vla_alloc.o [3]
__iar_xatanf            0x08014671          Code  Gb  xatanf.o [4]
__iar_zero_init3        0x080182d3    0x40  Code  Gb  zero_init3.o [5]
__vector_table          0x08000000          Data  Gb  startup_stm32f4xx.o [1]
_call_main              0x08018399          Code  Gb  cmain.o [5]
_exit                   0x080183ad          Code  Gb  cexit.o [5]
_gm_                    0x200094dc   0x1d8  Data  Lc  dlmalloc.o [3]
_main                   0x080183a3          Code  Gb  cmain.o [5]
abort                   0x080138e5     0x6  Code  Gb  abort.o [3]
acosf                   0x080144f5          Code  Gb  acosf.o [4]
aks_to_M2               0x0801163d   0x378  Code  Gb  quantise.o [1]
analyse_one_frame       0x0800c6ed   0x148  Code  Gb  codec2.o [1]
apply_lpc_correction    0x08012759    0x30  Code  Gb  quantise.o [1]
arm_bitreversal_16      0x080181b3          Code  Gb  arm_bitreversal2.o [1]
arm_bitreversal_32      0x08018149          Code  Gb  arm_bitreversal2.o [1]
atan2f                  0x08013c11          Code  Gb  atan2f.o [4]
autocorrelate           0x08014339    0xa4  Code  Gb  lpc.o [1]
buf                     0x20005f08  0x1000  Data  Lc  stm32f4_machdep.o [1]
buffer0                 0x20000e68  0x1428  Data  Gb  codec2_profile.o [1]
buffer1                 0x20002290  0x1428  Data  Gb  codec2_profile.o [1]
buffer2                 0x200036b8  0x1428  Data  Gb  codec2_profile.o [1]
buffer3                 0x20004ae0  0x1428  Data  Gb  codec2_profile.o [1]
buffer_decode_0         0x20006f08   0xa00  Data  Gb  codec2_profile.o [1]
buffer_decode_1         0x20008308   0xa00  Data  Gb  codec2_profile.o [1]
buffer_encode_0         0x20000010   0xa00  Data  Gb  codec2_profile.o [1]
buffer_encode_1         0x20007908   0xa00  Data  Gb  codec2_profile.o [1]
buffer_select           0x20000004     0x1  Data  Gb  codec2_profile.o [1]
bw_expand_lsps          0x08012521   0x222  Code  Gb  quantise.o [1]
ceilf                   0x08013c81          Code  Gb  ceilf.o [4]
check_lsp_order         0x0801136d    0x7e  Code  Gb  quantise.o [1]
codec2_bits_per_frame   0x0800a4cd    0x38  Code  Gb  codec2.o [1]
codec2_create           0x0800a1c9   0x204  Code  Gb  codec2.o [1]
codec2_decode           0x0800a5f5     0x4  Code  Gb  codec2.o [1]
codec2_decode_1200      0x0800c171   0x3ae  Code  Gb  codec2.o [1]
codec2_decode_1300      0x0800bb3d   0x468  Code  Gb  codec2.o [1]
codec2_decode_1400      0x0800b611   0x38c  Code  Gb  codec2.o [1]
codec2_decode_1600      0x0800b07d   0x3ec  Code  Gb  codec2.o [1]
codec2_decode_2400      0x0800ac89   0x22a  Code  Gb  codec2.o [1]
codec2_decode_3200      0x0800a915   0x23e  Code  Gb  codec2.o [1]
codec2_decode_ber       0x0800a5f9    0xca  Code  Gb  codec2.o [1]
codec2_encode           0x0800a535    0xb6  Code  Gb  codec2.o [1]
codec2_encode_1200      0x0800bfb9   0x1b8  Code  Gb  codec2.o [1]
codec2_encode_1300      0x0800b9a5   0x192  Code  Gb  codec2.o [1]
codec2_encode_1400      0x0800b475   0x18e  Code  Gb  codec2.o [1]
codec2_encode_1600      0x0800aebd   0x1a8  Code  Gb  codec2.o [1]
codec2_encode_2400      0x0800ab53   0x136  Code  Gb  codec2.o [1]
codec2_encode_3200      0x0800a7d1   0x13e  Code  Gb  codec2.o [1]
codec2_rand             0x0800fd41    0x16  Code  Gb  sine.o [1]
codec2_samples_per_frame
                        0x0800a505    0x30  Code  Gb  codec2.o [1]
codes0                  0x08017cd0    0x40  Data  Lc  codebook.o [1]
codes0                  0x08017720    0x80  Data  Lc  codebookd.o [1]
codes0                  0x08016f00   0x800  Data  Lc  codebookge.o [1]
codes0                  0x08000188  0x5000  Data  Lc  codebookjvm.o [1]
codes1                  0x08017d10    0x40  Data  Lc  codebook.o [1]
codes1                  0x080177a0    0x80  Data  Lc  codebookd.o [1]
codes1                  0x08005188  0x2800  Data  Lc  codebookjvm.o [1]
codes2                  0x08017d50    0x40  Data  Lc  codebook.o [1]
codes2                  0x08017820    0x80  Data  Lc  codebookd.o [1]
codes2                  0x08007988  0x2800  Data  Lc  codebookjvm.o [1]
codes3                  0x08017d90    0x40  Data  Lc  codebook.o [1]
codes3                  0x080178a0    0x80  Data  Lc  codebookd.o [1]
codes4                  0x08017dd0    0x40  Data  Lc  codebook.o [1]
codes4                  0x08017920    0x80  Data  Lc  codebookd.o [1]
codes5                  0x08017e10    0x40  Data  Lc  codebook.o [1]
codes5                  0x080179a0    0x80  Data  Lc  codebookd.o [1]
codes6                  0x08017e50    0x40  Data  Lc  codebook.o [1]
codes6                  0x08017a20    0x80  Data  Lc  codebookd.o [1]
codes7                  0x08017e90    0x20  Data  Lc  codebook.o [1]
codes7                  0x08017aa0    0x80  Data  Lc  codebookd.o [1]
codes8                  0x08017eb0    0x20  Data  Lc  codebook.o [1]
codes8                  0x08017b20    0x80  Data  Lc  codebookd.o [1]
codes9                  0x08017ed0    0x10  Data  Lc  codebook.o [1]
codes9                  0x08017ba0    0x80  Data  Lc  codebookd.o [1]
compute_weights         0x08010f7d   0x240  Code  Gb  quantise.o [1]
decode_Wo               0x08011a05    0x26  Code  Gb  quantise.o [1]
decode_WoE              0x08012ba1    0xfe  Code  Gb  quantise.o [1]
decode_energy           0x080127dd    0x30  Code  Gb  quantise.o [1]
decode_lspds_scalar     0x08010e3d   0x136  Code  Gb  quantise.o [1]
decode_lsps_scalar      0x08011efd   0x13c  Code  Gb  quantise.o [1]
decode_lsps_vq          0x080123cd   0x154  Code  Gb  quantise.o [1]
delay_ms                0x08014e1d     0x8  Code  Gb  codec2_profile.o [1]
dft_speech              0x0800efcd    0xee  Code  Gb  sine.o [1]
en_code_decode          0x20000003     0x1  Data  Gb  codec2_profile.o [1]
encode_Wo               0x080119b5    0x44  Code  Gb  quantise.o [1]
encode_WoE              0x08012815   0x372  Code  Gb  quantise.o [1]
encode_energy           0x0801278d    0x4e  Code  Gb  quantise.o [1]
encode_lspds_scalar     0x08010bc5   0x26e  Code  Gb  quantise.o [1]
encode_lsps_scalar      0x08011d81   0x172  Code  Gb  quantise.o [1]
encode_lsps_vq          0x08012051   0x378  Code  Gb  quantise.o [1]
est_voicing_mbe         0x0800f4b1   0x502  Code  Gb  sine.o [1]
estimate_amplitudes     0x0800f2ed   0x198  Code  Gb  sine.o [1]
exit                    0x080183a7     0x4  Code  Gb  exit.o [3]
find_nearest            0x080111c5    0xae  Code  Gb  quantise.o [1]
find_nearest_weighted   0x08011275    0xe8  Code  Gb  quantise.o [1]
floorf                  0x08013ac5          Code  Gb  floorf.o [4]
fmodf                   0x080149c5          Code  Gb  fmodf.o [4]
frames                  0x200096cc     0x4  Data  Lc  codec2.o [1]
ge_cb                   0x08017700    0x20  Data  Gb  codebookge.o [1]
ge_coeff                0x20000e58     0x8  Data  Lc  quantise.o [1]
hs_pitch_refinement     0x0800f1f9    0xf2  Code  Gb  sine.o [1]
init_mparams            0x0800c8f9    0x32  Code  Lc  dlmalloc.o [3]
init_top                0x0800c92b    0x34  Code  Lc  dlmalloc.o [3]
internal_Pow            0x08014031   0x2fa  Code  Lc  powf.o [4]
interp_Wo               0x08012de5    0x5c  Code  Gb  interp.o [1]
interp_Wo2              0x08012e41    0x5c  Code  Gb  interp.o [1]
interp_energy           0x08012ead    0x3e  Code  Gb  interp.o [1]
interp_energy2          0x08012eeb    0x46  Code  Gb  interp.o [1]
interpolate_lsp_ver2    0x08012f31    0x9a  Code  Gb  interp.o [1]
kf_bfly3                0x0800df79   0x130  Code  Lc  kiss_fft.o [1]
kf_bfly4                0x0800ddf5   0x184  Code  Lc  kiss_fft.o [1]
kf_bfly5                0x0800e0a9   0x24c  Code  Lc  kiss_fft.o [1]
kf_bfly_generic         0x0800e2f5   0x126  Code  Lc  kiss_fft.o [1]
kf_work                 0x0800e41d   0x12c  Code  Lc  kiss_fft.o [1]
kiss_fft                0x0800e685   0x73e  Code  Gb  kiss_fft.o [1]
kiss_fft_alloc          0x0800e549   0x12c  Code  Gb  kiss_fft.o [1]
levinson_durbin         0x080143dd   0x110  Code  Gb  lpc.o [1]
loadLength              0x2000000c     0x4  Data  Gb  codec2_profile.o [1]
lpc_post_filter         0x08011409   0x218  Code  Gb  quantise.o [1]
lpc_to_lsp              0x08012fcd   0x37c  Code  Gb  lsp.o [1]
lsp_bits                0x08010ba1     0xc  Code  Gb  quantise.o [1]
lsp_cb                  0x08017ee0    0xb0  Data  Gb  codebook.o [1]
lsp_cbd                 0x08017c20    0xb0  Data  Gb  codebookd.o [1]
lsp_cbjvm               0x0800a188    0x40  Data  Gb  codebookjvm.o [1]
lsp_pred_vq_bits        0x08010bb9     0xc  Code  Gb  quantise.o [1]
lsp_to_lpc              0x0801334d   0x132  Code  Gb  lsp.o [1]
lspd_bits               0x08010bad     0xc  Code  Gb  quantise.o [1]
machdep_profile_init    0x08016ecd    0x2c  Code  Gb  stm32f4_machdep.o [1]
machdep_profile_init::enabled
                        0x20000e3c     0x4  Data  Lc  stm32f4_machdep.o [1]
main                    0x08016125   0x40e  Code  Gb  codec2_profile.o [1]
make_analysis_window    0x0800edc5   0x1f8  Code  Gb  sine.o [1]
make_synthesis_window   0x0800f9bd   0x100  Code  Gb  sine.o [1]
mparams                 0x200096b4    0x18  Data  Lc  dlmalloc.o [3]
next                    0x20000e60     0x4  Data  Lc  sine.o [1]
nlp                     0x0801034d   0x44e  Code  Gb  nlp.o [1]
nlp_create              0x08010251    0xf4  Code  Gb  nlp.o [1]
nlp_fir                 0x080109a0    0xc0  Data  Gb  nlp.o [1]
pack                    0x08010a67    0x40  Code  Gb  pack.o [1]
pack_natural_or_gray    0x08010aa7    0x44  Code  Gb  pack.o [1]
phase_synth_zero_order  0x080134fd   0x21c  Code  Gb  phase.o [1]
post_process_sub_multiples
                        0x0801079d   0x156  Code  Gb  nlp.o [1]
postfilter              0x08013719   0x160  Code  Gb  postfilter.o [1]
powf                    0x08014333     0x4  Code  Gb  powf.o [4]
prepend_alloc           0x0800c95f   0x372  Code  Lc  dlmalloc.o [3]
receive                 0x20000001     0x1  Data  Gb  codec2_profile.o [1]
receive_over            0x20000002     0x1  Data  Gb  codec2_profile.o [1]
segment_holding         0x0800c8dd    0x1c  Code  Lc  dlmalloc.o [3]
send_over               0x20000000     0x1  Data  Gb  codec2_profile.o [1]
speech_to_uq_lsps       0x08011a65   0x318  Code  Gb  quantise.o [1]
sqrtf                   0x08013aa5          Code  Gb  sqrtf.o [4]
start                   0x20000005     0x1  Data  Gb  codec2_profile.o [1]
sx1276_Config           0x08015559   0x5f2  Code  Gb  codec2_profile.o [1]
sx1276_FreqTbl          0x20000e54     0x4  Data  Gb  codec2_profile.o [1]
sx1276_LoRaBwTbl        0x08015b54    0x14  Data  Gb  codec2_profile.o [1]
sx1276_LoRaEntryRx      0x08014f8f   0x29c  Code  Gb  codec2_profile.o [1]
sx1276_LoRaEntryTx      0x08015231   0x250  Code  Gb  codec2_profile.o [1]
sx1276_LoRaTxPacket     0x0801548d    0xb6  Code  Gb  codec2_profile.o [1]
sx1276_PowerTbl         0x08015b4c     0x8  Data  Gb  codec2_profile.o [1]
sx1276_SpreadFactorTbl  0x08015b68    0x18  Data  Gb  codec2_profile.o [1]
synthesise              0x0800fad1   0x266  Code  Gb  sine.o [1]
synthesise_one_frame    0x0800c529   0x1c4  Code  Gb  codec2.o [1]
sys_alloc               0x0800ccd1   0x388  Code  Lc  dlmalloc.o [3]
test                    0x20000008     0x1  Data  Gb  codec2_profile.o [1]
tmalloc_large           0x0800d065   0x380  Code  Lc  dlmalloc.o [3]
tmalloc_small           0x0800d3e5   0x206  Code  Lc  dlmalloc.o [3]
tt                      0x08015cdd    0x24  Code  Gb  codec2_profile.o [1]
two_stage_pitch_refinement
                        0x0800f0bd   0x13a  Code  Gb  sine.o [1]
uart_receive_0          0x20000a40    0xfc  Data  Gb  codec2_profile.o [1]
uart_receive_1          0x20000b3c    0xfc  Data  Gb  codec2_profile.o [1]
uart_send_0             0x20000c38    0xfc  Data  Gb  codec2_profile.o [1]
uart_send_1             0x20000d34    0xfc  Data  Gb  codec2_profile.o [1]
uart_trans_En           0x20000007     0x1  Data  Gb  codec2_profile.o [1]
unpack                  0x08010aeb    0x56  Code  Gb  pack.o [1]
unpack_natural_or_gray  0x08010b41    0x5e  Code  Gb  pack.o [1]
wireless_receive        0x20000a10    0x18  Data  Gb  codec2_profile.o [1]
wireless_send           0x20000a28    0x18  Data  Gb  codec2_profile.o [1]
wireless_transport_en   0x20000006     0x1  Data  Gb  codec2_profile.o [1]


[1] = C:\Users\w\Documents\CODEC2\codec2-0.5 _Ver2\Debug\Obj
[2] = command line
[3] = dl7M_tln.a
[4] = m7M_tls.a
[5] = rt7M_tl.a
[6] = shb_l.a

   54 046 bytes of readonly  code memory
   45 419 bytes of readonly  data memory
  104 148 bytes of readwrite data memory

Errors: none
Warnings: none
