###############################################################################
#
# IAR ELF Linker V7.80.4.12462/W32 for ARM                09/Sep/2020  21:38:29
# Copyright 2007-2017 IAR Systems AB.
#
#    Output file  =  
#        C:\Users\w\Documents\CODEC2\codec2-0.5_ver2_TX&RX\Release\Exe\codec2.out
#    Map file     =  
#        C:\Users\w\Documents\CODEC2\codec2-0.5_ver2_TX&RX\Release\List\codec2.map
#    Command line =  
#        C:\Users\w\Documents\CODEC2\codec2-0.5_ver2_TX&RX\Release\Obj\1278.o
#        C:\Users\w\Documents\CODEC2\codec2-0.5_ver2_TX&RX\Release\Obj\arm_bitreversal.o
#        C:\Users\w\Documents\CODEC2\codec2-0.5_ver2_TX&RX\Release\Obj\arm_bitreversal2.o
#        C:\Users\w\Documents\CODEC2\codec2-0.5_ver2_TX&RX\Release\Obj\arm_cfft_f32.o
#        C:\Users\w\Documents\CODEC2\codec2-0.5_ver2_TX&RX\Release\Obj\arm_cfft_radix2_f32.o
#        C:\Users\w\Documents\CODEC2\codec2-0.5_ver2_TX&RX\Release\Obj\arm_cfft_radix2_init_f32.o
#        C:\Users\w\Documents\CODEC2\codec2-0.5_ver2_TX&RX\Release\Obj\arm_cfft_radix2_init_q15.o
#        C:\Users\w\Documents\CODEC2\codec2-0.5_ver2_TX&RX\Release\Obj\arm_cfft_radix2_init_q31.o
#        C:\Users\w\Documents\CODEC2\codec2-0.5_ver2_TX&RX\Release\Obj\arm_cfft_radix2_q15.o
#        C:\Users\w\Documents\CODEC2\codec2-0.5_ver2_TX&RX\Release\Obj\arm_cfft_radix2_q31.o
#        C:\Users\w\Documents\CODEC2\codec2-0.5_ver2_TX&RX\Release\Obj\arm_cfft_radix4_f32.o
#        C:\Users\w\Documents\CODEC2\codec2-0.5_ver2_TX&RX\Release\Obj\arm_cfft_radix4_init_f32.o
#        C:\Users\w\Documents\CODEC2\codec2-0.5_ver2_TX&RX\Release\Obj\arm_cfft_radix4_init_q15.o
#        C:\Users\w\Documents\CODEC2\codec2-0.5_ver2_TX&RX\Release\Obj\arm_cfft_radix4_init_q31.o
#        C:\Users\w\Documents\CODEC2\codec2-0.5_ver2_TX&RX\Release\Obj\arm_cfft_radix4_q15.o
#        C:\Users\w\Documents\CODEC2\codec2-0.5_ver2_TX&RX\Release\Obj\arm_cfft_radix4_q31.o
#        C:\Users\w\Documents\CODEC2\codec2-0.5_ver2_TX&RX\Release\Obj\arm_cfft_radix8_f32.o
#        C:\Users\w\Documents\CODEC2\codec2-0.5_ver2_TX&RX\Release\Obj\arm_common_tables.o
#        C:\Users\w\Documents\CODEC2\codec2-0.5_ver2_TX&RX\Release\Obj\arm_dct4_f32.o
#        C:\Users\w\Documents\CODEC2\codec2-0.5_ver2_TX&RX\Release\Obj\arm_dct4_init_f32.o
#        C:\Users\w\Documents\CODEC2\codec2-0.5_ver2_TX&RX\Release\Obj\arm_dct4_init_q15.o
#        C:\Users\w\Documents\CODEC2\codec2-0.5_ver2_TX&RX\Release\Obj\arm_dct4_init_q31.o
#        C:\Users\w\Documents\CODEC2\codec2-0.5_ver2_TX&RX\Release\Obj\arm_dct4_q15.o
#        C:\Users\w\Documents\CODEC2\codec2-0.5_ver2_TX&RX\Release\Obj\arm_dct4_q31.o
#        C:\Users\w\Documents\CODEC2\codec2-0.5_ver2_TX&RX\Release\Obj\arm_rfft_f32.o
#        C:\Users\w\Documents\CODEC2\codec2-0.5_ver2_TX&RX\Release\Obj\arm_rfft_fast_f32.o
#        C:\Users\w\Documents\CODEC2\codec2-0.5_ver2_TX&RX\Release\Obj\arm_rfft_fast_init_f32.o
#        C:\Users\w\Documents\CODEC2\codec2-0.5_ver2_TX&RX\Release\Obj\arm_rfft_init_f32.o
#        C:\Users\w\Documents\CODEC2\codec2-0.5_ver2_TX&RX\Release\Obj\arm_rfft_init_q15.o
#        C:\Users\w\Documents\CODEC2\codec2-0.5_ver2_TX&RX\Release\Obj\arm_rfft_init_q31.o
#        C:\Users\w\Documents\CODEC2\codec2-0.5_ver2_TX&RX\Release\Obj\arm_rfft_q15.o
#        C:\Users\w\Documents\CODEC2\codec2-0.5_ver2_TX&RX\Release\Obj\arm_rfft_q31.o
#        C:\Users\w\Documents\CODEC2\codec2-0.5_ver2_TX&RX\Release\Obj\arm_scale_f32.o
#        C:\Users\w\Documents\CODEC2\codec2-0.5_ver2_TX&RX\Release\Obj\codebook.o
#        C:\Users\w\Documents\CODEC2\codec2-0.5_ver2_TX&RX\Release\Obj\codebookd.o
#        C:\Users\w\Documents\CODEC2\codec2-0.5_ver2_TX&RX\Release\Obj\codebookge.o
#        C:\Users\w\Documents\CODEC2\codec2-0.5_ver2_TX&RX\Release\Obj\codebookjvm.o
#        C:\Users\w\Documents\CODEC2\codec2-0.5_ver2_TX&RX\Release\Obj\codec2.o
#        C:\Users\w\Documents\CODEC2\codec2-0.5_ver2_TX&RX\Release\Obj\codec2_profile.o
#        C:\Users\w\Documents\CODEC2\codec2-0.5_ver2_TX&RX\Release\Obj\fdmdv.o
#        C:\Users\w\Documents\CODEC2\codec2-0.5_ver2_TX&RX\Release\Obj\freedv_api.o
#        C:\Users\w\Documents\CODEC2\codec2-0.5_ver2_TX&RX\Release\Obj\golay23.o
#        C:\Users\w\Documents\CODEC2\codec2-0.5_ver2_TX&RX\Release\Obj\interp.o
#        C:\Users\w\Documents\CODEC2\codec2-0.5_ver2_TX&RX\Release\Obj\kiss_fft.o
#        C:\Users\w\Documents\CODEC2\codec2-0.5_ver2_TX&RX\Release\Obj\lpc.o
#        C:\Users\w\Documents\CODEC2\codec2-0.5_ver2_TX&RX\Release\Obj\lsp.o
#        C:\Users\w\Documents\CODEC2\codec2-0.5_ver2_TX&RX\Release\Obj\misc.o
#        C:\Users\w\Documents\CODEC2\codec2-0.5_ver2_TX&RX\Release\Obj\modem_stats.o
#        C:\Users\w\Documents\CODEC2\codec2-0.5_ver2_TX&RX\Release\Obj\nlp.o
#        C:\Users\w\Documents\CODEC2\codec2-0.5_ver2_TX&RX\Release\Obj\pack.o
#        C:\Users\w\Documents\CODEC2\codec2-0.5_ver2_TX&RX\Release\Obj\phase.o
#        C:\Users\w\Documents\CODEC2\codec2-0.5_ver2_TX&RX\Release\Obj\postfilter.o
#        C:\Users\w\Documents\CODEC2\codec2-0.5_ver2_TX&RX\Release\Obj\quantise.o
#        C:\Users\w\Documents\CODEC2\codec2-0.5_ver2_TX&RX\Release\Obj\sine.o
#        C:\Users\w\Documents\CODEC2\codec2-0.5_ver2_TX&RX\Release\Obj\startup_stm32f4xx.o
#        C:\Users\w\Documents\CODEC2\codec2-0.5_ver2_TX&RX\Release\Obj\stm32f4_machdep.o
#        C:\Users\w\Documents\CODEC2\codec2-0.5_ver2_TX&RX\Release\Obj\stm32f4xx_adc.o
#        C:\Users\w\Documents\CODEC2\codec2-0.5_ver2_TX&RX\Release\Obj\stm32f4xx_dac.o
#        C:\Users\w\Documents\CODEC2\codec2-0.5_ver2_TX&RX\Release\Obj\stm32f4xx_dbgmcu.o
#        C:\Users\w\Documents\CODEC2\codec2-0.5_ver2_TX&RX\Release\Obj\stm32f4xx_dcmi.o
#        C:\Users\w\Documents\CODEC2\codec2-0.5_ver2_TX&RX\Release\Obj\stm32f4xx_dma.o
#        C:\Users\w\Documents\CODEC2\codec2-0.5_ver2_TX&RX\Release\Obj\stm32f4xx_dsi.o
#        C:\Users\w\Documents\CODEC2\codec2-0.5_ver2_TX&RX\Release\Obj\stm32f4xx_exti.o
#        C:\Users\w\Documents\CODEC2\codec2-0.5_ver2_TX&RX\Release\Obj\stm32f4xx_gpio.o
#        C:\Users\w\Documents\CODEC2\codec2-0.5_ver2_TX&RX\Release\Obj\stm32f4xx_i2c.o
#        C:\Users\w\Documents\CODEC2\codec2-0.5_ver2_TX&RX\Release\Obj\stm32f4xx_it.o
#        C:\Users\w\Documents\CODEC2\codec2-0.5_ver2_TX&RX\Release\Obj\stm32f4xx_iwdg.o
#        C:\Users\w\Documents\CODEC2\codec2-0.5_ver2_TX&RX\Release\Obj\stm32f4xx_lptim.o
#        C:\Users\w\Documents\CODEC2\codec2-0.5_ver2_TX&RX\Release\Obj\stm32f4xx_ltdc.o
#        C:\Users\w\Documents\CODEC2\codec2-0.5_ver2_TX&RX\Release\Obj\stm32f4xx_pwr.o
#        C:\Users\w\Documents\CODEC2\codec2-0.5_ver2_TX&RX\Release\Obj\stm32f4xx_qspi.o
#        C:\Users\w\Documents\CODEC2\codec2-0.5_ver2_TX&RX\Release\Obj\stm32f4xx_rcc.o
#        C:\Users\w\Documents\CODEC2\codec2-0.5_ver2_TX&RX\Release\Obj\stm32f4xx_rng.o
#        C:\Users\w\Documents\CODEC2\codec2-0.5_ver2_TX&RX\Release\Obj\stm32f4xx_rtc.o
#        C:\Users\w\Documents\CODEC2\codec2-0.5_ver2_TX&RX\Release\Obj\stm32f4xx_sai.o
#        C:\Users\w\Documents\CODEC2\codec2-0.5_ver2_TX&RX\Release\Obj\stm32f4xx_sdio.o
#        C:\Users\w\Documents\CODEC2\codec2-0.5_ver2_TX&RX\Release\Obj\stm32f4xx_spi.o
#        C:\Users\w\Documents\CODEC2\codec2-0.5_ver2_TX&RX\Release\Obj\stm32f4xx_syscfg.o
#        C:\Users\w\Documents\CODEC2\codec2-0.5_ver2_TX&RX\Release\Obj\stm32f4xx_tim.o
#        C:\Users\w\Documents\CODEC2\codec2-0.5_ver2_TX&RX\Release\Obj\stm32f4xx_usart.o
#        C:\Users\w\Documents\CODEC2\codec2-0.5_ver2_TX&RX\Release\Obj\system_stm32f4xx.o
#        -o
#        C:\Users\w\Documents\CODEC2\codec2-0.5_ver2_TX&RX\Release\Exe\codec2.out
#        --map
#        C:\Users\w\Documents\CODEC2\codec2-0.5_ver2_TX&RX\Release\List\codec2.map
#        --config C:\Users\w\Documents\CODEC2\codec2-0.5_ver2_TX&RX\codec2.icf
#        --semihosting --entry __iar_program_start --redirect
#        __iar_sh_stdout=__iar_sh_stdout_swo --inline
#        --merge_duplicate_sections --vfe
#
###############################################################################

*******************************************************************************
*** RUNTIME MODEL ATTRIBUTES
***

CppFlavor       = *
__Heap_Handler  = DLMalloc
__SystemLibrary = DLib


*******************************************************************************
*** PLACEMENT SUMMARY
***

"A0":  place at 0x08000000 { ro section .intvec };
"P1":  place in [from 0x08000000 to 0x080fffff] { ro };
"P3":  place in [from 0x10000000 to 0x1000ffff] { block CSTACK, section .ccram };
"P4":  place in [from 0x20000000 to 0x2001bfff] |
                [from 0x2001c000 to 0x2001ffff] { rw, block HEAP };
initialize by copy { rw };

  Section             Kind        Address     Size  Object
  -------             ----        -------     ----  ------
"A0":                                        0x188
  .intvec             ro code  0x08000000    0x188  startup_stm32f4xx.o [1]
                             - 0x08000188    0x188

"P1":                                      0x15978
  .rodata             const    0x08000188   0xa040  codebookjvm.o [1]
  .text               ro code  0x0800a1c8   0x1fa0  codec2.o [1]
  .text               ro code  0x0800c168   0x14f4  dlmalloc.o [3]
  .text               ro code  0x0800d65c     0x24  ABIassert.o [6]
  .text               ro code  0x0800d680    0x8e8  kiss_fft.o [1]
  .text               ro code  0x0800df68    0xaf0  sine.o [1]
  .text               ro code  0x0800ea58     0x2c  I32ToDbl.o [4]
  .text               ro code  0x0800ea84    0x1a2  DblMul.o [4]
  .text               ro code  0x0800ec28    0x256  DblDiv.o [4]
  .text               ro code  0x0800ee80     0x90  DblToFlt.o [4]
  .text               ro code  0x0800ef10    0x5d8  nlp.o [1]
  .text               ro code  0x0800f4e8     0x66  ABImemset.o [5]
  .text               ro code  0x0800f54e     0xb2  pack.o [1]
  .text               ro code  0x0800f600   0x1484  quantise.o [1]
  .text               ro code  0x08010a84     0x4e  FltToDbl.o [4]
  .text               ro code  0x08010ad4     0x4c  DblToI32.o [4]
  .text               ro code  0x08010b20    0x15c  interp.o [1]
  .text               ro code  0x08010c7c    0x3a0  lsp.o [1]
  .text               ro code  0x0801101c     0x56  ABImemcpy_unaligned.o [5]
  .text               ro code  0x08011074    0x244  phase.o [1]
  .text               ro code  0x080112b8    0x188  postfilter.o [1]
  .text               ro code  0x08011440      0x6  abort.o [3]
  .text               ro code  0x08011448     0x2c  xgetmemchunk.o [3]
  .text               ro code  0x08011474     0x1c  sqrtf.o [4]
  .text               ro code  0x08011490     0x38  floorf.o [4]
  .text               ro code  0x080114c8     0x2e  DblCmpLe.o [4]
  .text               ro code  0x080114f6      0x6  cosf.o [4]
  .text               ro code  0x080114fc      0x6  sinf.o [4]
  .text               ro code  0x08011504     0xe8  DblAdd.o [4]
  .text               ro code  0x080115ec     0x6a  atan2f.o [4]
  .text               ro code  0x08011658     0x3e  ceilf.o [4]
  .text               ro code  0x08011698    0x180  DblSub.o [4]
  .text               ro code  0x08011818      0x6  log10f.o [4]
  .text               ro code  0x08011820    0x306  powf.o [4]
  .text               ro code  0x08011b26     0x16  vla_alloc.o [3]
  .text               ro code  0x08011b3c    0x144  lpc.o [1]
  .text               ro code  0x08011c80     0x64  acosf.o [4]
  .text               ro code  0x08011ce4     0x14  exit.o [6]
  .text               ro code  0x08011cf8      0xc  iarEdom.o [5]
  .text               ro code  0x08011d04    0x18c  xfsin.o [4]
  .text               ro code  0x08011e90     0xa4  xatanf.o [4]
  .text               ro code  0x08011f34    0x180  xflog.o [4]
  .text               ro code  0x080120b4     0x28  xfdnorm.o [4]
  .text               ro code  0x080120dc     0x50  xfdint.o [4]
  .text               ro code  0x0801212c      0xc  errno.o [3]
  .text               ro code  0x08012138    0x230  xfexp.o [4]
  .text               ro code  0x08012368     0xec  xfquad.o [4]
  .text               ro code  0x08012454      0x2  xtls.o [3]
  .text               ro code  0x08012458     0xc4  xfdscale.o [4]
  .text               ro code  0x0801251c     0xe6  fmodf.o [4]
  .text               ro code  0x08012604   0x1148  codec2_profile.o [1]
  .text               ro code  0x0801374c    0x164  stm32f4xx_rcc.o [1]
  .text               ro code  0x080138b0     0xae  stm32f4xx_gpio.o [1]
  .text               ro code  0x08013960    0x168  stm32f4xx_tim.o [1]
  .text               ro code  0x08013ac8    0x16a  stm32f4xx_i2c.o [1]
  .text               ro code  0x08013c34    0x27e  stm32f4xx_spi.o [1]
  .text               ro code  0x08013eb4    0x2bc  1278.o [1]
  .text               ro code  0x08014170     0x28  stm32f4xx_syscfg.o [1]
  .text               ro code  0x08014198     0x8c  stm32f4xx_exti.o [1]
  .text               ro code  0x08014224     0x6c  misc.o [1]
  .text               ro code  0x08014290    0x2a0  stm32f4xx_dma.o [1]
  .text               ro code  0x08014530     0x38  stm32f4_machdep.o [1]
  .rodata             const    0x08014568    0x820  codebookge.o [1]
  .rodata             const    0x08014d88    0x5b0  codebookd.o [1]
  .rodata             const    0x08015338    0x2c0  codebook.o [1]
  .text               ro code  0x080155f8     0xfc  system_stm32f4xx.o [1]
  .text               ro code  0x080156f4     0xc0  arm_bitreversal2.o [1]
  .text               ro code  0x080157b4     0xb6  stm32f4xx_it.o [1]
  .text               ro code  0x0801586c     0x68  stm32f4xx_usart.o [1]
  .text               ro code  0x080158d4     0x40  zero_init3.o [5]
  .text               ro code  0x08015914     0x2c  copy_init3.o [5]
  .text               ro code  0x08015940     0x28  data_init.o [5]
  .text               ro code  0x08015968     0x22  fpinit_M.o [4]
  .iar.init_table     const    0x0801598c     0x24  - Linker created -
  .text               ro code  0x080159b0     0x1a  cmain.o [5]
  .text               ro code  0x080159ca      0x4  exit.o [3]
  .text               ro code  0x080159d0      0xa  cexit.o [5]
  .text               ro code  0x080159dc     0x10  startup_stm32f4xx.o [1]
  .text               ro code  0x080159ec      0xc  cstartup_M.o [5]
  .text               ro code  0x080159f8      0x4  startup_stm32f4xx.o [1]
  .text               ro code  0x080159fc      0x4  startup_stm32f4xx.o [1]
  .text               ro code  0x08015a00      0x4  startup_stm32f4xx.o [1]
  .text               ro code  0x08015a04      0x4  startup_stm32f4xx.o [1]
  .text               ro code  0x08015a08      0x4  startup_stm32f4xx.o [1]
  .text               ro code  0x08015a0c      0x4  startup_stm32f4xx.o [1]
  .text               ro code  0x08015a10      0x4  startup_stm32f4xx.o [1]
  .text               ro code  0x08015a14      0x4  startup_stm32f4xx.o [1]
  .text               ro code  0x08015a18      0x4  startup_stm32f4xx.o [1]
  .text               ro code  0x08015a1c      0x4  startup_stm32f4xx.o [1]
  .text               ro code  0x08015a20      0x4  startup_stm32f4xx.o [1]
  .text               ro code  0x08015a24      0x4  startup_stm32f4xx.o [1]
  .text               ro code  0x08015a28      0x4  startup_stm32f4xx.o [1]
  .text               ro code  0x08015a2c      0x4  startup_stm32f4xx.o [1]
  .text               ro code  0x08015a30      0x4  startup_stm32f4xx.o [1]
  .text               ro code  0x08015a34      0x4  startup_stm32f4xx.o [1]
  .text               ro code  0x08015a38      0x4  startup_stm32f4xx.o [1]
  .text               ro code  0x08015a3c      0x4  startup_stm32f4xx.o [1]
  .text               ro code  0x08015a40      0x4  startup_stm32f4xx.o [1]
  .text               ro code  0x08015a44      0x4  startup_stm32f4xx.o [1]
  .rodata             const    0x08015a48      0x0  zero_init3.o [5]
  .rodata             const    0x08015a48      0x0  copy_init3.o [5]
  Initializer bytes   const    0x08015a48     0xb8  <for P4 s0>
                             - 0x08015b00  0x15978

"P3":                                       0x8000
  CSTACK                       0x10000000   0x8000  <Block>
    CSTACK            uninit   0x10000000   0x8000  <Block tail>
                             - 0x10008000   0x8000

"P4", part 1 of 3:                            0xb8
  P4 s0                        0x20000000     0xb8  <Init block>
    .data             inited   0x20000000     0x61  codec2_profile.o [1]
    .data             inited   0x20000064     0x24  1278.o [1]
    .data             inited   0x20000088     0x10  stm32f4_machdep.o [1]
    .data             inited   0x20000098     0x10  stm32f4xx_rcc.o [1]
    .data             inited   0x200000a8      0x8  quantise.o [1]
    .data             inited   0x200000b0      0x4  sine.o [1]
    __DLIB_PERTHREAD  inited   0x200000b4      0x4  errno.o [3]
                             - 0x200000b8     0xb8

"P4", part 2 of 3:                         0x109cc
  .bss                zero     0x200000b8   0x2800  codec2_profile.o [1]
  .bss                zero     0x200028b8   0x2800  codec2_profile.o [1]
  .bss                zero     0x200050b8   0x2800  codec2_profile.o [1]
  .bss                zero     0x200078b8   0x2800  codec2_profile.o [1]
  .bss                zero     0x2000a0b8   0x1400  codec2_profile.o [1]
  .bss                zero     0x2000b4b8   0x1400  codec2_profile.o [1]
  .bss                zero     0x2000c8b8   0x1400  codec2_profile.o [1]
  .bss                zero     0x2000dcb8   0x1400  codec2_profile.o [1]
  .bss                zero     0x2000f0b8   0x1000  stm32f4_machdep.o [1]
  .bss                zero     0x200100b8    0x7d4  stm32f4xx_it.o [1]
  .bss                zero     0x2001088c    0x1d8  dlmalloc.o [3]
  .bss                zero     0x20010a64     0x18  dlmalloc.o [3]
  .bss                zero     0x20010a7c      0x4  codec2.o [1]
  .bss                zero     0x20010a80      0x4  xgetmemchunk.o [3]
                             - 0x20010a84  0x109cc

"P4", part 3 of 3:                          0x8000
  HEAP                         0x20010a88   0x8000  <Block>
    HEAP              uninit   0x20010a88   0x8000  <Block tail>
                             - 0x20018a88   0x8000


*******************************************************************************
*** INIT TABLE
***

          Address     Size
          -------     ----
Zero (__iar_zero_init3)
    1 destination range, total size 0x109cc:
          0x200000b8  0x109cc

Copy (__iar_copy_init3)
    1 source range, total size 0xb8:
          0x08015a48     0xb8
    1 destination range, total size 0xb8:
          0x20000000     0xb8



*******************************************************************************
*** MODULE SUMMARY
***

    Module                 ro code  ro data  rw data
    ------                 -------  -------  -------
C:\Users\w\Documents\CODEC2\codec2-0.5_ver2_TX&RX\Release\Obj: [1]
    1278.o                     700       39       36
    arm_bitreversal2.o         192
    codebook.o                          704
    codebookd.o                       1 456
    codebookge.o                      2 080
    codebookjvm.o                    41 024
    codec2.o                 8 096                 4
    codec2_profile.o         4 424       97   61 537
    interp.o                   348
    kiss_fft.o               2 280
    lpc.o                      324
    lsp.o                      928
    misc.o                     108
    nlp.o                    1 496
    pack.o                     178
    phase.o                    580
    postfilter.o               392
    quantise.o               5 252        8        8
    sine.o                   2 800        4        4
    startup_stm32f4xx.o        488
    stm32f4_machdep.o           56       16    4 112
    stm32f4xx_dma.o            672
    stm32f4xx_exti.o           140
    stm32f4xx_gpio.o           174
    stm32f4xx_i2c.o            362
    stm32f4xx_it.o             182             2 004
    stm32f4xx_rcc.o            356       16       16
    stm32f4xx_spi.o            638
    stm32f4xx_syscfg.o          40
    stm32f4xx_tim.o            360
    stm32f4xx_usart.o          104
    system_stm32f4xx.o         252
    ------------------------------------------------
    Total:                  31 922   45 444   67 721

command line: [2]
    ------------------------------------------------
    Total:

dl7M_tln.a: [3]
    abort.o                      6
    dlmalloc.o               5 364               496
    errno.o                     12        4        4
    exit.o                       4
    vla_alloc.o                 22
    xgetmemchunk.o              44                 4
    xtls.o                       2
    ------------------------------------------------
    Total:                   5 454        4      504

m7M_tls.a: [4]
    DblAdd.o                   232
    DblCmpLe.o                  46
    DblDiv.o                   598
    DblMul.o                   418
    DblSub.o                   384
    DblToFlt.o                 144
    DblToI32.o                  76
    FltToDbl.o                  78
    I32ToDbl.o                  44
    acosf.o                    100
    atan2f.o                   106
    ceilf.o                     62
    cosf.o                       6
    floorf.o                    56
    fmodf.o                    230
    fpinit_M.o                  34
    log10f.o                     6
    powf.o                     774
    sinf.o                       6
    sqrtf.o                     28
    xatanf.o                   164
    xfdint.o                    80
    xfdnorm.o                   40
    xfdscale.o                 196
    xfexp.o                    560
    xflog.o                    384
    xfquad.o                   236
    xfsin.o                    396
    ------------------------------------------------
    Total:                   5 484

rt7M_tl.a: [5]
    ABImemcpy_unaligned.o       86
    ABImemset.o                102
    cexit.o                     10
    cmain.o                     26
    copy_init3.o                44
    cstartup_M.o                12
    data_init.o                 40
    iarEdom.o                   12
    zero_init3.o                64
    ------------------------------------------------
    Total:                     396

shb_l.a: [6]
    ABIassert.o                 36
    exit.o                      20
    ------------------------------------------------
    Total:                      56

    Gaps                        34        2        3
    Linker created                       36   65 536
----------------------------------------------------
    Grand Total:            43 346   45 486  133 764


*******************************************************************************
*** ENTRY LIST
***

Entry                      Address    Size  Type      Object
-----                      -------    ----  ----      ------
.iar.init_table$$Base   0x0801598c           --   Gb  - Linker created -
.iar.init_table$$Limit  0x080159b0           --   Gb  - Linker created -
?main                   0x080159b1          Code  Gb  cmain.o [5]
APBAHBPrescTable        0x20000098    0x10  Data  Lc  stm32f4xx_rcc.o [1]
AT1846S                 0x080130b1   0x2ea  Code  Gb  codec2_profile.o [1]
BandWide_Sel            0x20000083     0x1  Data  Gb  1278.o [1]
BusFault_Handler        0x080157bb     0x2  Code  Gb  stm32f4xx_it.o [1]
CSTACK$$Base            0x10000000           --   Gb  - Linker created -
CSTACK$$Limit           0x10008000           --   Gb  - Linker created -
DMA1_Stream0_IRQHandler
                        0x08013023     0x2  Code  Gb  codec2_profile.o [1]
DMA1_Stream5_IRQHandler
                        0x08012f85    0x9e  Code  Gb  codec2_profile.o [1]
DMA2_Stream2_IRQHandler
                        0x08015823     0x2  Code  Gb  stm32f4xx_it.o [1]
DMA2_Stream6_IRQHandler
                        0x08015825     0x2  Code  Gb  stm32f4xx_it.o [1]
DMA_ClearITPendingBit   0x080144ad    0x1c  Code  Gb  stm32f4xx_dma.o [1]
DMA_Cmd                 0x080143e7    0x16  Code  Gb  stm32f4xx_dma.o [1]
DMA_DeInit              0x08014291   0x108  Code  Gb  stm32f4xx_dma.o [1]
DMA_DoubleBufferModeCmd
                        0x08014415    0x16  Code  Gb  stm32f4xx_dma.o [1]
DMA_DoubleBufferModeConfig
                        0x080143fd    0x18  Code  Gb  stm32f4xx_dma.o [1]
DMA_GetCmdStatus        0x0801442b     0x8  Code  Gb  stm32f4xx_dma.o [1]
DMA_GetITStatus         0x08014467    0x46  Code  Gb  stm32f4xx_dma.o [1]
DMA_ITConfig            0x08014433    0x34  Code  Gb  stm32f4xx_dma.o [1]
DMA_Init                0x08014399    0x4e  Code  Gb  stm32f4xx_dma.o [1]
DWT_CONTROL             0x2000008c     0x4  Data  Gb  stm32f4_machdep.o [1]
DWT_CYCCNT              0x20000088     0x4  Data  Gb  stm32f4_machdep.o [1]
DebugMon_Handler        0x080157c1     0x2  Code  Gb  stm32f4xx_it.o [1]
EXTI0_IRQHandler        0x0801584d    0x1e  Code  Gb  stm32f4xx_it.o [1]
EXTI15_10_IRQHandler    0x08015829    0x24  Code  Gb  stm32f4xx_it.o [1]
EXTIX_Init              0x08012c59    0xe6  Code  Gb  codec2_profile.o [1]
EXTI_ClearITPendingBit  0x08014213     0x6  Code  Gb  stm32f4xx_exti.o [1]
EXTI_GetITStatus        0x08014203    0x10  Code  Gb  stm32f4xx_exti.o [1]
EXTI_Init               0x08014199    0x6a  Code  Gb  stm32f4xx_exti.o [1]
FM                      0x20000014     0x4  Data  Gb  codec2_profile.o [1]
Freq_Sel                0x20000080     0x1  Data  Gb  1278.o [1]
FskSettings             0x20000064    0x1c  Data  Gb  1278.o [1]
GPIO_EXTI_Callback      0x08012bf3    0x66  Code  Gb  codec2_profile.o [1]
GPIO_Init               0x080138b1    0x74  Code  Gb  stm32f4xx_gpio.o [1]
GPIO_PinAFConfig        0x08013939    0x26  Code  Gb  stm32f4xx_gpio.o [1]
GPIO_ResetBits          0x08013929     0x4  Code  Gb  stm32f4xx_gpio.o [1]
GPIO_SetBits            0x08013925     0x4  Code  Gb  stm32f4xx_gpio.o [1]
GPIO_WriteBit           0x0801392d     0xc  Code  Gb  stm32f4xx_gpio.o [1]
HEAP$$Base              0x20010a88           --   Gb  - Linker created -
HEAP$$Limit             0x20018a88           --   Gb  - Linker created -
HardFault_Handler       0x080157b7     0x2  Code  Gb  stm32f4xx_it.o [1]
I2C3_Congiguration      0x08012837    0xc0  Code  Gb  codec2_profile.o [1]
I2C_CheckEvent          0x08013bdf    0x1a  Code  Gb  stm32f4xx_i2c.o [1]
I2C_Cmd                 0x08013b85    0x18  Code  Gb  stm32f4xx_i2c.o [1]
I2C_GenerateSTART       0x08013b9d    0x18  Code  Gb  stm32f4xx_i2c.o [1]
I2C_GenerateSTOP        0x08013bb5    0x18  Code  Gb  stm32f4xx_i2c.o [1]
I2C_GetFlagStatus       0x08013bf9    0x3a  Code  Gb  stm32f4xx_i2c.o [1]
I2C_Init                0x08013ac9    0xb2  Code  Gb  stm32f4xx_i2c.o [1]
I2C_Send7bitAddress     0x08013bcd    0x12  Code  Gb  stm32f4xx_i2c.o [1]
I2C_write               0x08013025    0x76  Code  Gb  codec2_profile.o [1]
I2S3_Mode_Config        0x080128f7    0x70  Code  Gb  codec2_profile.o [1]
I2S3_TX_DMA_Init        0x08012dcb    0xc0  Code  Gb  codec2_profile.o [1]
I2S3ext_Mode_Config     0x08012967    0x44  Code  Gb  codec2_profile.o [1]
I2S_Cmd                 0x08013e3d    0x18  Code  Gb  stm32f4xx_spi.o [1]
I2S_FullDuplexConfig    0x08013e55    0x3c  Code  Gb  stm32f4xx_spi.o [1]
I2S_GPIO_Config         0x080129ab    0xa6  Code  Gb  codec2_profile.o [1]
I2S_Init                0x08013d25    0xd6  Code  Gb  stm32f4xx_spi.o [1]
I2Sxext_RX_DMA_Init     0x08012e8b    0xc4  Code  Gb  codec2_profile.o [1]
LED_Init                0x080126ad    0x3a  Code  Gb  codec2_profile.o [1]
LED_flag                0x20000020     0x4  Data  Gb  codec2_profile.o [1]
LNA_En                  0x08012bb5     0xa  Code  Gb  codec2_profile.o [1]
LNA_Trans_En            0x08012bd9    0x1a  Code  Gb  codec2_profile.o [1]
Lora_Rate_Sel           0x20000082     0x1  Data  Gb  1278.o [1]
MemManage_Handler       0x080157b9     0x2  Code  Gb  stm32f4xx_it.o [1]
NMI_Handler             0x080157b5     0x2  Code  Gb  stm32f4xx_it.o [1]
NVIC_Init               0x08014225    0x5c  Code  Gb  misc.o [1]
PA_En                   0x08012b91    0x1a  Code  Gb  codec2_profile.o [1]
PA_LNA_configure        0x08012d3f    0x8c  Code  Gb  codec2_profile.o [1]
PA_Trans_En             0x08012bbf    0x1a  Code  Gb  codec2_profile.o [1]
PaOff                   0x08012bab     0xa  Code  Gb  codec2_profile.o [1]
PendSV_Handler          0x080157c3     0x2  Code  Gb  stm32f4xx_it.o [1]
Power_Sel               0x20000081     0x1  Data  Gb  1278.o [1]
RCC_AHB1PeriphClockCmd  0x080137ed    0x16  Code  Gb  stm32f4xx_rcc.o [1]
RCC_APB1PeriphClockCmd  0x08013803    0x16  Code  Gb  stm32f4xx_rcc.o [1]
RCC_APB1PeriphResetCmd  0x0801382f    0x16  Code  Gb  stm32f4xx_rcc.o [1]
RCC_APB2PeriphClockCmd  0x08013819    0x16  Code  Gb  stm32f4xx_rcc.o [1]
RCC_APB2PeriphResetCmd  0x08013845    0x16  Code  Gb  stm32f4xx_rcc.o [1]
RCC_GetClocksFreq       0x08013755    0x92  Code  Gb  stm32f4xx_rcc.o [1]
RCC_GetFlagStatus       0x0801385b    0x24  Code  Gb  stm32f4xx_rcc.o [1]
RCC_I2SCLKConfig        0x080137e7     0x6  Code  Gb  stm32f4xx_rcc.o [1]
RCC_PLLI2SCmd           0x0801374d     0x8  Code  Gb  stm32f4xx_rcc.o [1]
RF_switch1278           0x08012b7d     0xa  Code  Gb  codec2_profile.o [1]
RF_switch1846           0x08012b87     0xa  Code  Gb  codec2_profile.o [1]
RSSI                    0x2000000c     0x4  Data  Gb  codec2_profile.o [1]
RX_start                0x2000005c     0x4  Data  Gb  codec2_profile.o [1]
Region$$Table$$Base     0x0801598c           --   Gb  - Linker created -
Region$$Table$$Limit    0x080159b0           --   Gb  - Linker created -
SCB_DEMCR               0x20000090     0x4  Data  Gb  stm32f4_machdep.o [1]
SPI1_GPIO_Init          0x08012a7d   0x100  Code  Gb  codec2_profile.o [1]
SPI2_IRQHandler         0x08015827     0x2  Code  Gb  stm32f4xx_it.o [1]
SPI_Cmd                 0x08013e25    0x18  Code  Gb  stm32f4xx_spi.o [1]
SPI_I2S_DMACmd          0x08013e91    0x14  Code  Gb  stm32f4xx_spi.o [1]
SPI_I2S_DeInit          0x08013c35    0xb8  Code  Gb  stm32f4xx_spi.o [1]
SPI_I2S_GetFlagStatus   0x08013ea5     0xe  Code  Gb  stm32f4xx_spi.o [1]
SPI_Init                0x08013ced    0x38  Code  Gb  stm32f4xx_spi.o [1]
SVC_Handler             0x080157bf     0x2  Code  Gb  stm32f4xx_it.o [1]
SX1276Read              0x08013f69     0xe  Code  Gb  1278.o [1]
SX1276ReadBuffer        0x08013f19    0x44  Code  Gb  1278.o [1]
SX1276ReadRssi          0x080133a5    0x3c  Code  Gb  codec2_profile.o [1]
SX1276Write             0x08013f5d     0xc  Code  Gb  1278.o [1]
SX1276WriteBuffer       0x08013ed7    0x42  Code  Gb  1278.o [1]
SYSCFG_EXTILineConfig   0x08014171    0x24  Code  Gb  stm32f4xx_syscfg.o [1]
SetSysClock             0x08015639    0x9c  Code  Lc  system_stm32f4xx.o [1]
SpiInOut                0x08013eb5    0x22  Code  Gb  1278.o [1]
SysTick_Handler         0x080157c5     0x2  Code  Gb  stm32f4xx_it.o [1]
SystemInit              0x080155f9    0x40  Code  Gb  system_stm32f4xx.o [1]
TIM3_IRQHandler         0x08012f4f    0x36  Code  Gb  codec2_profile.o [1]
TIM8_PWM_Init           0x08012605    0xa8  Code  Gb  codec2_profile.o [1]
TIM_ARRPreloadConfig    0x080139c9    0x18  Code  Gb  stm32f4xx_tim.o [1]
TIM_Cmd                 0x080139e1    0x18  Code  Gb  stm32f4xx_tim.o [1]
TIM_CtrlPWMOutputs      0x08013a95    0x1c  Code  Gb  stm32f4xx_tim.o [1]
TIM_GetITStatus         0x08013ab1    0x18  Code  Gb  stm32f4xx_tim.o [1]
TIM_OC2Init             0x080139f9    0x70  Code  Gb  stm32f4xx_tim.o [1]
TIM_OC2PreloadConfig    0x08013a85    0x10  Code  Gb  stm32f4xx_tim.o [1]
TIM_TimeBaseInit        0x08013961    0x68  Code  Gb  stm32f4xx_tim.o [1]
TX_RX_Flag              0x20000010     0x4  Data  Gb  codec2_profile.o [1]
TX_power                0x2000001c     0x4  Data  Gb  codec2_profile.o [1]
TX_start                0x20000058     0x4  Data  Gb  codec2_profile.o [1]
USART2_IRQHandler       0x08015821     0x2  Code  Gb  stm32f4xx_it.o [1]
USART6_IRQHandler       0x080157c7    0x52  Code  Gb  stm32f4xx_it.o [1]
USART6_Rx_Buffer        0x200100b8   0x3e8  Data  Gb  stm32f4xx_it.o [1]
USART6_Rx_ptr_in        0x20010888     0x2  Data  Gb  stm32f4xx_it.o [1]
USART6_TxCount          0x2001088a     0x2  Data  Gb  stm32f4xx_it.o [1]
USART6_Tx_Buffer        0x200104a0   0x3e8  Data  Gb  stm32f4xx_it.o [1]
USART_ClearITPendingBit
                        0x080158c5    0x10  Code  Gb  stm32f4xx_usart.o [1]
USART_GetITStatus       0x0801587d    0x48  Code  Gb  stm32f4xx_usart.o [1]
USART_ReceiveData       0x08015875     0x8  Code  Gb  stm32f4xx_usart.o [1]
USART_SendData          0x0801586d     0x8  Code  Gb  stm32f4xx_usart.o [1]
UsageFault_Handler      0x080157bd     0x2  Code  Gb  stm32f4xx_it.o [1]
Voice_Realtime_Transfer
                        0x08013461   0x29a  Code  Gb  codec2_profile.o [1]
WM8974                  0x0801274d    0xea  Code  Gb  codec2_profile.o [1]
WM8974_I2C_write        0x080126e7    0x66  Code  Gb  codec2_profile.o [1]
__aeabi_assert          0x0800d65d    0x24  Code  Gb  ABIassert.o [6]
__aeabi_cdcmple         0x080114c9          Code  Gb  DblCmpLe.o [4]
__aeabi_d2f             0x0800ee81          Code  Gb  DblToFlt.o [4]
__aeabi_d2iz            0x08010ad5          Code  Gb  DblToI32.o [4]
__aeabi_dadd            0x08011505          Code  Gb  DblAdd.o [4]
__aeabi_ddiv            0x0800ec29          Code  Gb  DblDiv.o [4]
__aeabi_dmul            0x0800ea85          Code  Gb  DblMul.o [4]
__aeabi_dsub            0x08011699          Code  Gb  DblSub.o [4]
__aeabi_errno_addr      0x0801212d     0x6  Code  Gb  errno.o [3]
__aeabi_f2d             0x08010a85          Code  Gb  FltToDbl.o [4]
__aeabi_i2d             0x0800ea59          Code  Gb  I32ToDbl.o [4]
__aeabi_memset          0x0800f4e9          Code  Gb  ABImemset.o [5]
__cmain                 0x080159b1          Code  Gb  cmain.o [5]
__data_GetMemChunk      0x08011449    0x2c  Code  Gb  xgetmemchunk.o [3]
__data_GetMemChunk::start
                        0x20010a80     0x4  Data  Lc  xgetmemchunk.o [3]
__exit                  0x08011ce5    0x14  Code  Gb  exit.o [6]
__iar_Errno             0x200000b4     0x4  Data  Gb  errno.o [3]
__iar_FDint             0x080120dd    0x50  Code  Gb  xfdint.o [4]
__iar_FDnorm            0x080120b5    0x28  Code  Gb  xfdnorm.o [4]
__iar_FDscale           0x08012459    0xc4  Code  Gb  xfdscale.o [4]
__iar_FExp              0x08012139   0x200  Code  Gb  xfexp.o [4]
__iar_FLog              0x08011f35   0x128  Code  Gb  xflog.o [4]
__iar_FLogpoly          0x0801205d    0x1a  Code  Gb  xflog.o [4]
__iar_FQuad             0x08012369    0xc2  Code  Gb  xfquad.o [4]
__iar_FSin              0x08011d05   0x14c  Code  Gb  xfsin.o [4]
__iar_Memset            0x0800f4e9          Code  Gb  ABImemset.o [5]
__iar_Memset_word       0x0800f4f1          Code  Gb  ABImemset.o [5]
__iar_copy_init3        0x08015915    0x2c  Code  Gb  copy_init3.o [5]
__iar_d2uiz             0x08010b01          Code  Gb  DblToI32.o [4]
__iar_dadd              0x08011519          Code  Gb  DblAdd.o [4]
__iar_data_init3        0x08015941    0x28  Code  Gb  data_init.o [5]
__iar_dlfree            0x0800d13b   0x51a  Code  Gb  dlmalloc.o [3]
__iar_dlib_perthread_access
                        0x08012455     0x2  Code  Gb  xtls.o [3]
__iar_dlmalloc          0x0800ce85   0x2aa  Code  Gb  dlmalloc.o [3]
__iar_dsub              0x080116ad          Code  Gb  DblSub.o [4]
__iar_dsubStart         0x080116bf          Code  Gb  DblSub.o [4]
__iar_edom              0x08011cf9          Code  Gb  iarEdom.o [5]
__iar_init_vfp          0x08015969          Code  Gb  fpinit_M.o [4]
__iar_program_start     0x080159ed          Code  Gb  cstartup_M.o [5]
__iar_ui2d              0x0800ea6d          Code  Gb  I32ToDbl.o [4]
__iar_unaligned___aeabi_memcpy4
                        0x0801101d          Code  Gb  ABImemcpy_unaligned.o [5]
__iar_unaligned___aeabi_memcpy8
                        0x0801101d          Code  Gb  ABImemcpy_unaligned.o [5]
__iar_vfp_ceilf         0x08011659          Code  Gb  ceilf.o [4]
__iar_vfp_floorf        0x08011491          Code  Gb  floorf.o [4]
__iar_vfp_fmodf         0x0801251d          Code  Gb  fmodf.o [4]
__iar_vla_alloc2        0x08011b27    0x12  Code  Gb  vla_alloc.o [3]
__iar_vla_dealloc2      0x08011b39     0x4  Code  Gb  vla_alloc.o [3]
__iar_xatanf            0x08011e91          Code  Gb  xatanf.o [4]
__iar_zero_init3        0x080158d5    0x40  Code  Gb  zero_init3.o [5]
__vector_table          0x08000000          Data  Gb  startup_stm32f4xx.o [1]
_call_main              0x080159bd          Code  Gb  cmain.o [5]
_exit                   0x080159d1          Code  Gb  cexit.o [5]
_gm_                    0x2001088c   0x1d8  Data  Lc  dlmalloc.o [3]
_main                   0x080159c7          Code  Gb  cmain.o [5]
abort                   0x08011441     0x6  Code  Gb  abort.o [3]
acosf                   0x08011c81          Code  Gb  acosf.o [4]
again                   0x20000018     0x4  Data  Gb  codec2_profile.o [1]
aks_to_M2               0x0800fc35   0x278  Code  Gb  quantise.o [1]
analyse_one_frame       0x0800bf49   0x10c  Code  Gb  codec2.o [1]
apply_lpc_correction    0x08010545    0x30  Code  Gb  quantise.o [1]
arm_bitreversal_16      0x0801575f          Code  Gb  arm_bitreversal2.o [1]
arm_bitreversal_32      0x080156f5          Code  Gb  arm_bitreversal2.o [1]
atan2f                  0x080115ed          Code  Gb  atan2f.o [4]
autocorrelate           0x08011b3d    0x44  Code  Gb  lpc.o [1]
buf                     0x2000f0b8  0x1000  Data  Lc  stm32f4_machdep.o [1]
buffer0                 0x200000b8  0x2800  Data  Gb  codec2_profile.o [1]
buffer1                 0x200028b8  0x2800  Data  Gb  codec2_profile.o [1]
buffer2                 0x200050b8  0x2800  Data  Gb  codec2_profile.o [1]
buffer3                 0x200078b8  0x2800  Data  Gb  codec2_profile.o [1]
buffer_decode_0         0x2000b4b8  0x1400  Data  Gb  codec2_profile.o [1]
buffer_decode_1         0x2000dcb8  0x1400  Data  Gb  codec2_profile.o [1]
buffer_encode_0         0x2000a0b8  0x1400  Data  Gb  codec2_profile.o [1]
buffer_encode_1         0x2000c8b8  0x1400  Data  Gb  codec2_profile.o [1]
buffer_select0          0x20000004     0x1  Data  Gb  codec2_profile.o [1]
buffer_select1          0x20000005     0x1  Data  Gb  codec2_profile.o [1]
bw_expand_lsps          0x0801044d    0xe0  Code  Gb  quantise.o [1]
ceilf                   0x0801165d          Code  Gb  ceilf.o [4]
cheb_poly_eva           0x08010c7d    0x88  Code  Lc  lsp.o [1]
check_lsp_order         0x0800fa31    0x7c  Code  Gb  quantise.o [1]
codec2_bits_per_frame   0x0800a48d    0x3e  Code  Gb  codec2.o [1]
codec2_create           0x0800a1c9   0x1c4  Code  Gb  codec2.o [1]
codec2_decode           0x0800a5d5     0x4  Code  Gb  codec2.o [1]
codec2_decode_1200      0x0800bc0d   0x296  Code  Gb  codec2.o [1]
codec2_decode_1300      0x0800b7b5   0x2e2  Code  Gb  codec2.o [1]
codec2_decode_1400      0x0800b3c5   0x294  Code  Gb  codec2.o [1]
codec2_decode_1600      0x0800af65   0x302  Code  Gb  codec2.o [1]
codec2_decode_2400      0x0800abd9   0x204  Code  Gb  codec2.o [1]
codec2_decode_3200      0x0800a8b5   0x22c  Code  Gb  codec2.o [1]
codec2_decode_ber       0x0800a5d9    0xd0  Code  Gb  codec2.o [1]
codec2_encode           0x0800a519    0xbc  Code  Gb  codec2.o [1]
codec2_encode_1200      0x0800baad   0x15e  Code  Gb  codec2.o [1]
codec2_encode_1300      0x0800b665   0x150  Code  Gb  codec2.o [1]
codec2_encode_1400      0x0800b26d   0x14c  Code  Gb  codec2.o [1]
codec2_encode_1600      0x0800addd   0x168  Code  Gb  codec2.o [1]
codec2_encode_2400      0x0800aae1    0xf6  Code  Gb  codec2.o [1]
codec2_encode_3200      0x0800a7b5    0xfc  Code  Gb  codec2.o [1]
codec2_rand             0x0800e9f1    0x16  Code  Gb  sine.o [1]
codec2_samples_per_frame
                        0x0800a4cb    0x4e  Code  Gb  codec2.o [1]
codes0                  0x08015338    0x40  Data  Lc  codebook.o [1]
codes0                  0x08014d88    0x80  Data  Lc  codebookd.o [1]
codes0                  0x08014568   0x800  Data  Lc  codebookge.o [1]
codes0                  0x08000188  0x5000  Data  Lc  codebookjvm.o [1]
codes1                  0x08015378    0x40  Data  Lc  codebook.o [1]
codes1                  0x08014e08    0x80  Data  Lc  codebookd.o [1]
codes1                  0x08005188  0x2800  Data  Lc  codebookjvm.o [1]
codes2                  0x080153b8    0x40  Data  Lc  codebook.o [1]
codes2                  0x08014e88    0x80  Data  Lc  codebookd.o [1]
codes2                  0x08007988  0x2800  Data  Lc  codebookjvm.o [1]
codes3                  0x080153f8    0x40  Data  Lc  codebook.o [1]
codes3                  0x08014f08    0x80  Data  Lc  codebookd.o [1]
codes4                  0x08015438    0x40  Data  Lc  codebook.o [1]
codes4                  0x08014f88    0x80  Data  Lc  codebookd.o [1]
codes5                  0x08015478    0x40  Data  Lc  codebook.o [1]
codes5                  0x08015008    0x80  Data  Lc  codebookd.o [1]
codes6                  0x080154b8    0x40  Data  Lc  codebook.o [1]
codes6                  0x08015088    0x80  Data  Lc  codebookd.o [1]
codes7                  0x080154f8    0x20  Data  Lc  codebook.o [1]
codes7                  0x08015108    0x80  Data  Lc  codebookd.o [1]
codes8                  0x08015518    0x20  Data  Lc  codebook.o [1]
codes8                  0x08015188    0x80  Data  Lc  codebookd.o [1]
codes9                  0x08015538    0x10  Data  Lc  codebook.o [1]
codes9                  0x08015208    0x80  Data  Lc  codebookd.o [1]
communication_num       0x20000008     0x1  Data  Gb  codec2_profile.o [1]
compute_weights         0x0800f87b    0xf8  Code  Gb  quantise.o [1]
compute_weights2        0x08010615   0x170  Code  Gb  quantise.o [1]
cosf                    0x080114f7     0x6  Code  Gb  cosf.o [4]
decode_Wo               0x0800fef5    0x26  Code  Gb  quantise.o [1]
decode_WoE              0x08010901    0xca  Code  Gb  quantise.o [1]
decode_energy           0x080105cd    0x30  Code  Gb  quantise.o [1]
decode_lspds_scalar     0x0800f7e7    0x94  Code  Gb  quantise.o [1]
decode_lsps_scalar      0x08010145    0x66  Code  Gb  quantise.o [1]
decode_lsps_vq          0x080103bd    0x8e  Code  Gb  quantise.o [1]
delay_ms                0x08012a65    0x18  Code  Gb  codec2_profile.o [1]
delay_us                0x08012a51    0x14  Code  Gb  codec2_profile.o [1]
dft_speech              0x0800e0b7    0x82  Code  Gb  sine.o [1]
ear_protection          0x0800c059    0x62  Code  Lc  codec2.o [1]
en_code                 0x20000003     0x1  Data  Gb  codec2_profile.o [1]
encode_Wo               0x0800feb1    0x44  Code  Gb  quantise.o [1]
encode_WoE              0x0801079d   0x152  Code  Gb  quantise.o [1]
encode_energy           0x08010575    0x54  Code  Gb  quantise.o [1]
encode_lspds_scalar     0x0800f6b5   0x132  Code  Gb  quantise.o [1]
encode_lsps_scalar      0x080100c9    0x74  Code  Gb  quantise.o [1]
encode_lsps_vq          0x080101c9   0x1ea  Code  Gb  quantise.o [1]
est_voicing_mbe         0x0800e4a1   0x2f2  Code  Gb  sine.o [1]
estimate_amplitudes     0x0800e35d   0x11e  Code  Gb  sine.o [1]
exit                    0x080159cb     0x4  Code  Gb  exit.o [3]
find_nearest            0x0800f979    0x52  Code  Gb  quantise.o [1]
find_nearest_weighted   0x0800f9d1    0x60  Code  Gb  quantise.o [1]
floorf                  0x08011495          Code  Gb  floorf.o [4]
fmodf                   0x08012521          Code  Gb  fmodf.o [4]
frames                  0x20010a7c     0x4  Data  Lc  codec2.o [1]
ge_cb                   0x08014d68    0x20  Data  Gb  codebookge.o [1]
ge_coeff                0x200000a8     0x8  Data  Lc  quantise.o [1]
hs_pitch_refinement     0x0800e27d    0xdc  Code  Gb  sine.o [1]
init_mparams            0x0800c185    0x32  Code  Lc  dlmalloc.o [3]
init_top                0x0800c1b7    0x34  Code  Lc  dlmalloc.o [3]
internal_Pow            0x08011821   0x2fa  Code  Lc  powf.o [4]
interp_Wo               0x08010b21     0x4  Code  Gb  interp.o [1]
interp_Wo2              0x08010b25    0x9e  Code  Gb  interp.o [1]
interp_energy           0x08010bd1    0x36  Code  Gb  interp.o [1]
interp_energy2          0x08010c07    0x3e  Code  Gb  interp.o [1]
interpolate_lsp_ver2    0x08010c45    0x38  Code  Gb  interp.o [1]
kf_bfly2                0x0800d681    0x6c  Code  Lc  kiss_fft.o [1]
kf_bfly3                0x0800d88d   0x146  Code  Lc  kiss_fft.o [1]
kf_bfly4                0x0800d6ed   0x1a0  Code  Lc  kiss_fft.o [1]
kf_bfly5                0x0800d9d3   0x24c  Code  Lc  kiss_fft.o [1]
kf_bfly_generic         0x0800dc1f    0xce  Code  Lc  kiss_fft.o [1]
kf_factor               0x0800ddc9    0x76  Code  Lc  kiss_fft.o [1]
kf_work                 0x0800dced    0xdc  Code  Lc  kiss_fft.o [1]
kiss_fft                0x0800df65     0x4  Code  Gb  kiss_fft.o [1]
kiss_fft_alloc          0x0800de3f    0xc0  Code  Gb  kiss_fft.o [1]
kiss_fft_stride         0x0800df0d    0x58  Code  Gb  kiss_fft.o [1]
levinson_durbin         0x08011b81    0xf8  Code  Gb  lpc.o [1]
loadLength              0x20000024     0x4  Data  Gb  codec2_profile.o [1]
log10f                  0x08011819     0x6  Code  Gb  log10f.o [4]
lpc_post_filter         0x0800fab5   0x180  Code  Gb  quantise.o [1]
lpc_to_lsp              0x08010d05   0x1e2  Code  Gb  lsp.o [1]
lsp_bits                0x0800f601     0xc  Code  Gb  quantise.o [1]
lsp_cb                  0x08015548    0xb0  Data  Gb  codebook.o [1]
lsp_cbd                 0x08015288    0xb0  Data  Gb  codebookd.o [1]
lsp_cbjvm               0x0800a188    0x40  Data  Gb  codebookjvm.o [1]
lsp_pred_vq_bits        0x0800f619     0xc  Code  Gb  quantise.o [1]
lsp_to_lpc              0x08010ee9   0x130  Code  Gb  lsp.o [1]
lspd_bits               0x0800f60d     0xc  Code  Gb  quantise.o [1]
machdep_profile_init    0x08014531    0x2e  Code  Gb  stm32f4_machdep.o [1]
machdep_profile_init::enabled
                        0x20000094     0x4  Data  Lc  stm32f4_machdep.o [1]
main                    0x080133e1    0x6a  Code  Gb  codec2_profile.o [1]
make_analysis_window    0x0800df69   0x14e  Code  Gb  sine.o [1]
make_synthesis_window   0x0800e799    0x94  Code  Gb  sine.o [1]
mparams                 0x20010a64    0x18  Data  Lc  dlmalloc.o [3]
next                    0x200000b0     0x4  Data  Lc  sine.o [1]
nlp                     0x0800eff9   0x238  Code  Gb  nlp.o [1]
nlp_create              0x0800ef11    0xe6  Code  Gb  nlp.o [1]
nlp_fir                 0x0800f428    0xc0  Data  Gb  nlp.o [1]
pack                    0x0800f54f     0xe  Code  Gb  pack.o [1]
pack_natural_or_gray    0x0800f55d    0x48  Code  Gb  pack.o [1]
phase_synth_zero_order  0x08011075   0x244  Code  Gb  phase.o [1]
post_process_sub_multiples
                        0x0800f231   0x146  Code  Gb  nlp.o [1]
postfilter              0x080112b9   0x118  Code  Gb  postfilter.o [1]
powf                    0x08011b23     0x4  Code  Gb  powf.o [4]
prepend_alloc           0x0800c1eb   0x372  Code  Lc  dlmalloc.o [3]
quantise                0x0800f625    0x90  Code  Gb  quantise.o [1]
receive                 0x20000001     0x1  Data  Gb  codec2_profile.o [1]
receive_over            0x20000002     0x1  Data  Gb  codec2_profile.o [1]
segment_holding         0x0800c169    0x1c  Code  Lc  dlmalloc.o [3]
send_over               0x20000000     0x1  Data  Gb  codec2_profile.o [1]
sinf                    0x080114fd     0x6  Code  Gb  sinf.o [4]
speech_to_uq_lsps       0x0800ff49   0x178  Code  Gb  quantise.o [1]
sqrtf                   0x08011475          Code  Gb  sqrtf.o [4]
start                   0x20000006     0x1  Data  Gb  codec2_profile.o [1]
start2                  0x20000007     0x1  Data  Gb  codec2_profile.o [1]
sx1276_Config           0x0801402b   0x10e  Code  Gb  1278.o [1]
sx1276_EntryLoRa        0x08013f83     0x6  Code  Gb  1278.o [1]
sx1276_FreqTbl          0x20000084     0x4  Data  Gb  1278.o [1]
sx1276_LoRaBwTbl        0x08014164     0xc  Data  Gb  1278.o [1]
sx1276_LoRaClearIrq     0x08013f89     0x6  Code  Gb  1278.o [1]
sx1276_LoRaEntryRx      0x08013f8f    0x46  Code  Gb  1278.o [1]
sx1276_LoRaEntryTx      0x08013fd5    0x3e  Code  Gb  1278.o [1]
sx1276_LoRaTxPacket     0x08014013    0x18  Code  Gb  1278.o [1]
sx1276_PowerTbl         0x08014150     0x8  Data  Gb  1278.o [1]
sx1276_Sleep            0x08013f7d     0x6  Code  Gb  1278.o [1]
sx1276_SpreadFactorTbl  0x08014158     0xc  Data  Gb  1278.o [1]
sx1276_Standby          0x08013f77     0x6  Code  Gb  1278.o [1]
synthesise              0x0800e845   0x1a8  Code  Gb  sine.o [1]
synthesise_one_frame    0x0800bead    0x9c  Code  Gb  codec2.o [1]
sys_alloc               0x0800c55d   0x388  Code  Lc  dlmalloc.o [3]
test                    0x20000060     0x1  Data  Gb  codec2_profile.o [1]
tmalloc_large           0x0800c8f1   0x380  Code  Lc  dlmalloc.o [3]
tmalloc_small           0x0800cc71   0x206  Code  Lc  dlmalloc.o [3]
two_stage_pitch_refinement
                        0x0800e13d   0x13a  Code  Gb  sine.o [1]
unpack                  0x0800f5a5     0x2  Code  Gb  pack.o [1]
unpack_natural_or_gray  0x0800f5a7    0x5a  Code  Gb  pack.o [1]
wireless_receive        0x20000028    0x18  Data  Gb  codec2_profile.o [1]
wireless_send           0x20000040    0x18  Data  Gb  codec2_profile.o [1]
wireless_transport_en   0x20000009     0x1  Data  Gb  codec2_profile.o [1]


[1] = C:\Users\w\Documents\CODEC2\codec2-0.5_ver2_TX&RX\Release\Obj
[2] = command line
[3] = dl7M_tln.a
[4] = m7M_tls.a
[5] = rt7M_tl.a
[6] = shb_l.a

   43 346 bytes of readonly  code memory
   45 486 bytes of readonly  data memory
  133 764 bytes of readwrite data memory

Errors: none
Warnings: none
